<html>
<body>
<pre>
<h1>µVision Build Log</h1>
<h2>Tool Versions:</h2>
IDE-Version: ¦ÌVision V5.25.3.0
Copyright (C) 2018 ARM Ltd and ARM Germany GmbH. All rights reserved.
License Information: SD Henry, SDS, LIC=47GFW-QL6Z2-PZGWB-2YWF0-1BVKN-RCEAH
 
Tool Versions:
Toolchain:       MDK-ARM Plus  Version: 5.25.2.0
Toolchain Path:  E:\Keil\ARM\ARMCC\Bin
C Compiler:      Armcc.exe V5.06 update 6 (build 750)
Assembler:       Armasm.exe V5.06 update 6 (build 750)
Linker/Locator:  ArmLink.exe V5.06 update 6 (build 750)
Library Manager: ArmAr.exe V5.06 update 6 (build 750)
Hex Converter:   FromElf.exe V5.06 update 6 (build 750)
CPU DLL:         SARMCM3.DLL V5.25.2.0
Dialog DLL:      DARMP1.DLL V1.27.0.0
Target DLL:      Segger\JL2CM3.dll V2.97.0.0
Dialog DLL:      TARMP1.DLL V1.26.0.0
 
<h2>Project:</h2>
G:\ÒÆÖ²\ÏîÄ¿\GPIO_buzzer\Project\GPIO_Buzzer.uvprojx
Project File Date:  01/15/2021

<h2>Output:</h2>
*** Using Compiler 'V5.06 update 6 (build 750)', folder: 'E:\Keil\ARM\ARMCC\Bin'
Build target 'GPIO_Buzzer'
compiling ethernetif.c...
linking...
Program Size: Code=74928 RO-data=1460 RW-data=464 ZI-data=56944  
FromELF: creating hex file...
".\Obj\GPIO_Buzzer.axf" - 0 Error(s), 0 Warning(s).

<h2>Software Packages used:</h2>

Package Vendor: ARM
                http://www.keil.com/pack/ARM.CMSIS.5.3.0.pack
                ARM.CMSIS.5.3.0
                CMSIS (Cortex Microcontroller Software Interface Standard)
   * Component: CORE Version: 5.1.1

Package Vendor: Keil
                http://www.keil.com/pack/Keil.LPC1700_DFP.2.5.0.pack
                Keil.LPC1700_DFP.2.5.0
                NXP LPC1700 Series Device Support, Drivers and Examples for MCB1700 and LPC1788-32

<h2>Collection of Component include folders:</h2>
  .\RTE\_GPIO_Buzzer
  E:\Keil\ARM\PACK\ARM\CMSIS\5.3.0\CMSIS\Include
  E:\Keil\ARM\PACK\Keil\LPC1700_DFP\2.5.0\Device\Include

<h2>Collection of Component Files used:</h2>

   * Component: ARM::CMSIS:CORE:5.1.1
Build Time Elapsed:  00:00:01
</pre>
</body>
</html>
