Component: ARM Compiler 5.06 update 6 (build 750) Tool: armlink [4d35ed]

==============================================================================

Section Cross References

    startup_lpc177x_8x.o(RESET) refers to startup_lpc177x_8x.o(STACK) for __initial_sp
    startup_lpc177x_8x.o(RESET) refers to startup_lpc177x_8x.o(.text) for Reset_Handler
    startup_lpc177x_8x.o(RESET) refers to gpio_buzzer.o(i.HardFault_Handler) for HardFault_Handler
    startup_lpc177x_8x.o(RESET) refers to port.o(.emb_text) for SVC_Handler
    startup_lpc177x_8x.o(RESET) refers to gpio_buzzer.o(i.SysTick_Handler) for SysTick_Handler
    startup_lpc177x_8x.o(RESET) refers to uart2.o(i.UART2_IRQHandler) for UART2_IRQHandler
    startup_lpc177x_8x.o(RESET) refers to lpc177x_8x_emac.o(i.ENET_IRQHandler) for ENET_IRQHandler
    startup_lpc177x_8x.o(.text) refers to system_lpc177x_8x.o(i.SystemInit) for SystemInit
    startup_lpc177x_8x.o(.text) refers to entry.o(.ARM.Collect$$$$00000000) for __main
    system_lpc177x_8x.o(i.SystemCoreClockUpdate) refers to system_lpc177x_8x.o(.data) for SystemCoreClock
    lpc177x_8x_systick.o(i.SYSTICK_ExternalInit) refers to ffltui.o(.text) for __aeabi_ui2f
    lpc177x_8x_systick.o(i.SYSTICK_ExternalInit) refers to cfrcmple.o(.text) for __aeabi_cfrcmple
    lpc177x_8x_systick.o(i.SYSTICK_InternalInit) refers to lpc177x_8x_clkpwr.o(i.CLKPWR_GetCLK) for CLKPWR_GetCLK
    lpc177x_8x_systick.o(i.SYSTICK_InternalInit) refers to ffltui.o(.text) for __aeabi_ui2f
    lpc177x_8x_systick.o(i.SYSTICK_InternalInit) refers to cfrcmple.o(.text) for __aeabi_cfrcmple
    lpc177x_8x_gpio.o(i.FIO_ByteClearValue) refers to lpc177x_8x_gpio.o(i.FIO_ByteGetPointer) for FIO_ByteGetPointer
    lpc177x_8x_gpio.o(i.FIO_ByteReadValue) refers to lpc177x_8x_gpio.o(i.FIO_ByteGetPointer) for FIO_ByteGetPointer
    lpc177x_8x_gpio.o(i.FIO_ByteSetDir) refers to lpc177x_8x_gpio.o(i.FIO_ByteGetPointer) for FIO_ByteGetPointer
    lpc177x_8x_gpio.o(i.FIO_ByteSetMask) refers to lpc177x_8x_gpio.o(i.FIO_ByteGetPointer) for FIO_ByteGetPointer
    lpc177x_8x_gpio.o(i.FIO_ByteSetValue) refers to lpc177x_8x_gpio.o(i.FIO_ByteGetPointer) for FIO_ByteGetPointer
    lpc177x_8x_gpio.o(i.FIO_ClearInt) refers to lpc177x_8x_gpio.o(i.GPIO_ClearInt) for GPIO_ClearInt
    lpc177x_8x_gpio.o(i.FIO_ClearValue) refers to lpc177x_8x_gpio.o(i.GPIO_ClearValue) for GPIO_ClearValue
    lpc177x_8x_gpio.o(i.FIO_GetIntStatus) refers to lpc177x_8x_gpio.o(i.GPIO_GetIntStatus) for GPIO_GetIntStatus
    lpc177x_8x_gpio.o(i.FIO_HalfWordClearValue) refers to lpc177x_8x_gpio.o(i.FIO_HalfWordGetPointer) for FIO_HalfWordGetPointer
    lpc177x_8x_gpio.o(i.FIO_HalfWordReadValue) refers to lpc177x_8x_gpio.o(i.FIO_HalfWordGetPointer) for FIO_HalfWordGetPointer
    lpc177x_8x_gpio.o(i.FIO_HalfWordSetDir) refers to lpc177x_8x_gpio.o(i.FIO_HalfWordGetPointer) for FIO_HalfWordGetPointer
    lpc177x_8x_gpio.o(i.FIO_HalfWordSetMask) refers to lpc177x_8x_gpio.o(i.FIO_HalfWordGetPointer) for FIO_HalfWordGetPointer
    lpc177x_8x_gpio.o(i.FIO_HalfWordSetValue) refers to lpc177x_8x_gpio.o(i.FIO_HalfWordGetPointer) for FIO_HalfWordGetPointer
    lpc177x_8x_gpio.o(i.FIO_IntCmd) refers to lpc177x_8x_gpio.o(i.GPIO_IntCmd) for GPIO_IntCmd
    lpc177x_8x_gpio.o(i.FIO_ReadValue) refers to lpc177x_8x_gpio.o(i.GPIO_ReadValue) for GPIO_ReadValue
    lpc177x_8x_gpio.o(i.FIO_SetDir) refers to lpc177x_8x_gpio.o(i.GPIO_SetDir) for GPIO_SetDir
    lpc177x_8x_gpio.o(i.FIO_SetMask) refers to lpc177x_8x_gpio.o(i.GPIO_GetPointer) for GPIO_GetPointer
    lpc177x_8x_gpio.o(i.FIO_SetValue) refers to lpc177x_8x_gpio.o(i.GPIO_SetValue) for GPIO_SetValue
    lpc177x_8x_gpio.o(i.GPIO_ClearValue) refers to lpc177x_8x_gpio.o(i.GPIO_GetPointer) for GPIO_GetPointer
    lpc177x_8x_gpio.o(i.GPIO_OutputValue) refers to lpc177x_8x_gpio.o(i.GPIO_ClearValue) for GPIO_ClearValue
    lpc177x_8x_gpio.o(i.GPIO_OutputValue) refers to lpc177x_8x_gpio.o(i.GPIO_SetValue) for GPIO_SetValue
    lpc177x_8x_gpio.o(i.GPIO_ReadValue) refers to lpc177x_8x_gpio.o(i.GPIO_GetPointer) for GPIO_GetPointer
    lpc177x_8x_gpio.o(i.GPIO_SetDir) refers to lpc177x_8x_gpio.o(i.GPIO_GetPointer) for GPIO_GetPointer
    lpc177x_8x_gpio.o(i.GPIO_SetValue) refers to lpc177x_8x_gpio.o(i.GPIO_GetPointer) for GPIO_GetPointer
    lpc177x_8x_clkpwr.o(i.CLKPWR_GetCLK) refers to system_lpc177x_8x.o(.data) for SystemCoreClock
    lpc177x_8x_clkpwr.o(i.CLKPWR_SetCLKDiv) refers to system_lpc177x_8x.o(i.SystemCoreClockUpdate) for SystemCoreClockUpdate
    lpc177x_8x_uart.o(i.UART_ABClearIntPending) refers to lpc177x_8x_uart.o(i.uart_get_pointer) for uart_get_pointer
    lpc177x_8x_uart.o(i.UART_ABCmd) refers to lpc177x_8x_uart.o(i.uart_get_pointer) for uart_get_pointer
    lpc177x_8x_uart.o(i.UART_DeInit) refers to lpc177x_8x_uart.o(i.UART_TxCmd) for UART_TxCmd
    lpc177x_8x_uart.o(i.UART_DeInit) refers to lpc177x_8x_clkpwr.o(i.CLKPWR_ConfigPPWR) for CLKPWR_ConfigPPWR
[...]
    ip4_output_if_src                        0x00004cb9   Thumb Code   332  ip4.o(i.ip4_output_if_src)
    ip4_reass                                0x00004e49   Thumb Code   570  ip4_frag.o(i.ip4_reass)
    ip4_route                                0x000050d5   Thumb Code   140  ip4.o(i.ip4_route)
    ip_chksum_pseudo                         0x00005169   Thumb Code    36  inet_chksum.o(i.ip_chksum_pseudo)
    ip_reass_tmr                             0x000056c5   Thumb Code    48  ip4_frag.o(i.ip_reass_tmr)
    lwip_close                               0x00005965   Thumb Code   126  sockets.o(i.lwip_close)
    lwip_connect                             0x00005a01   Thumb Code   194  sockets.o(i.lwip_connect)
    lwip_htonl                               0x00005b39   Thumb Code    26  def.o(i.lwip_htonl)
    lwip_htons                               0x00005b53   Thumb Code    12  def.o(i.lwip_htons)
    lwip_init                                0x00005b61   Thumb Code    60  init.o(i.lwip_init)
    lwip_netconn_do_close                    0x00005ba1   Thumb Code   190  api_msg.o(i.lwip_netconn_do_close)
    lwip_netconn_do_connect                  0x00005f4d   Thumb Code   276  api_msg.o(i.lwip_netconn_do_connect)
    lwip_netconn_do_delconn                  0x000061c5   Thumb Code   316  api_msg.o(i.lwip_netconn_do_delconn)
    lwip_netconn_do_disconnect               0x0000635d   Thumb Code    38  api_msg.o(i.lwip_netconn_do_disconnect)
    lwip_netconn_do_getaddr                  0x00006385   Thumb Code   182  api_msg.o(i.lwip_netconn_do_getaddr)
    lwip_netconn_do_newconn                  0x00006455   Thumb Code    24  api_msg.o(i.lwip_netconn_do_newconn)
    lwip_netconn_do_recv                     0x0000646d   Thumb Code    72  api_msg.o(i.lwip_netconn_do_recv)
    lwip_netconn_do_send                     0x000064b5   Thumb Code   100  api_msg.o(i.lwip_netconn_do_send)
    lwip_netconn_do_write                    0x00006519   Thumb Code   192  api_msg.o(i.lwip_netconn_do_write)
    lwip_netconn_is_err_msg                  0x000069f1   Thumb Code    68  api_msg.o(i.lwip_netconn_is_err_msg)
    lwip_recv                                0x00006a95   Thumb Code    34  sockets.o(i.lwip_recv)
    lwip_recvfrom                            0x00006cf1   Thumb Code   244  sockets.o(i.lwip_recvfrom)
    lwip_send                                0x00006f4d   Thumb Code   156  sockets.o(i.lwip_send)
    lwip_sendto                              0x00006fed   Thumb Code   280  sockets.o(i.lwip_sendto)
    lwip_socket                              0x000071f5   Thumb Code   158  sockets.o(i.lwip_socket)
    lwip_standard_chksum                     0x0000729d   Thumb Code    94  inet_chksum.o(i.lwip_standard_chksum)
    lwip_write                               0x000072fb   Thumb Code    22  sockets.o(i.lwip_write)
    main                                     0x00007311   Thumb Code    38  gpio_buzzer.o(i.main)
    mem_free                                 0x00007351   Thumb Code   228  mem.o(i.mem_free)
    mem_init                                 0x000074e1   Thumb Code    98  mem.o(i.mem_init)
    mem_malloc                               0x000075cd   Thumb Code   380  mem.o(i.mem_malloc)
    mem_trim                                 0x00007819   Thumb Code   380  mem.o(i.mem_trim)
    memp_free                                0x000079f1   Thumb Code    46  memp.o(i.memp_free)
    memp_init                                0x00007a41   Thumb Code    26  memp.o(i.memp_init)
    memp_init_pool                           0x00007a61   Thumb Code    44  memp.o(i.memp_init_pool)
    memp_malloc                              0x00007a8d   Thumb Code    42  memp.o(i.memp_malloc)
    netbuf_delete                            0x00007add   Thumb Code    32  netbuf.o(i.netbuf_delete)
    netbuf_free                              0x00007afd   Thumb Code    42  netbuf.o(i.netbuf_free)
    netbuf_ref                               0x00007b45   Thumb Code    84  netbuf.o(i.netbuf_ref)
    netconn_alloc                            0x00007bb1   Thumb Code   152  api_msg.o(i.netconn_alloc)
    netconn_connect                          0x00007cf1   Thumb Code    60  api_lib.o(i.netconn_connect)
    netconn_delete                           0x00007d55   Thumb Code    30  api_lib.o(i.netconn_delete)
    netconn_disconnect                       0x00007d75   Thumb Code    46  api_lib.o(i.netconn_disconnect)
    netconn_err                              0x00007e77   Thumb Code    34  api_lib.o(i.netconn_err)
    netconn_free                             0x00007e99   Thumb Code    96  api_msg.o(i.netconn_free)
    netconn_getaddr                          0x00007fa1   Thumb Code   108  api_lib.o(i.netconn_getaddr)
    netconn_new_with_proto_and_callback      0x00008071   Thumb Code   176  api_lib.o(i.netconn_new_with_proto_and_callback)
    netconn_prepare_delete                   0x000081a1   Thumb Code    42  api_lib.o(i.netconn_prepare_delete)
    netconn_recv_tcp_pbuf_flags              0x000083ed   Thumb Code    52  api_lib.o(i.netconn_recv_tcp_pbuf_flags)
    netconn_recv_udp_raw_netbuf_flags        0x00008445   Thumb Code    52  api_lib.o(i.netconn_recv_udp_raw_netbuf_flags)
    netconn_send                             0x000084a5   Thumb Code    50  api_lib.o(i.netconn_send)
    netconn_tcp_recvd                        0x000084f9   Thumb Code    58  api_lib.o(i.netconn_tcp_recvd)
    netconn_write_partly                     0x000085b9   Thumb Code    40  api_lib.o(i.netconn_write_partly)
    netconn_write_vectors_partly             0x000085e1   Thumb Code   256  api_lib.o(i.netconn_write_vectors_partly)
    netif_add                                0x00008749   Thumb Code   284  netif.o(i.netif_add)
    netif_get_by_index                       0x000089d5   Thumb Code    36  netif.o(i.netif_get_by_index)
    netif_set_addr                           0x00008a75   Thumb Code    92  netif.o(i.netif_set_addr)
    netif_set_default                        0x00008ad5   Thumb Code     6  netif.o(i.netif_set_default)
    netif_set_down                           0x00008ae1   Thumb Code    68  netif.o(i.netif_set_down)
    netif_set_up                             0x00008b45   Thumb Code    60  netif.o(i.netif_set_up)
    pbuf_add_header                          0x00008b9d   Thumb Code    18  pbuf.o(i.pbuf_add_header)
    pbuf_alloc                               0x00008c39   Thumb Code   374  pbuf.o(i.pbuf_alloc)
    pbuf_alloc_reference                     0x00008e5d   Thumb Code    70  pbuf.o(i.pbuf_alloc_reference)
    pbuf_alloced_custom                      0x00008eb9   Thumb Code    82  pbuf.o(i.pbuf_alloced_custom)
    pbuf_cat                                 0x00008f0d   Thumb Code   100  pbuf.o(i.pbuf_cat)
    pbuf_chain                               0x00008fe9   Thumb Code    22  pbuf.o(i.pbuf_chain)
    pbuf_clen                                0x00008fff   Thumb Code    18  pbuf.o(i.pbuf_clen)
    pbuf_clone                               0x00009011   Thumb Code    60  pbuf.o(i.pbuf_clone)
    pbuf_copy                                0x00009061   Thumb Code   252  pbuf.o(i.pbuf_copy)
    pbuf_copy_partial                        0x000091fd   Thumb Code   148  pbuf.o(i.pbuf_copy_partial)
    pbuf_free                                0x000092d5   Thumb Code   204  pbuf.o(i.pbuf_free)
    pbuf_free_header                         0x000093fd   Thumb Code    64  pbuf.o(i.pbuf_free_header)
    pbuf_header_force                        0x0000943d   Thumb Code    18  pbuf.o(i.pbuf_header_force)
    pbuf_realloc                             0x00009491   Thumb Code   164  pbuf.o(i.pbuf_realloc)
    pbuf_ref                                 0x00009581   Thumb Code    50  pbuf.o(i.pbuf_ref)
    pbuf_remove_header                       0x000095c9   Thumb Code    94  pbuf.o(i.pbuf_remove_header)
    pvPortMalloc                             0x0000a015   Thumb Code   302  heap_4.o(i.pvPortMalloc)
    pvTaskIncrementMutexHeldCount            0x0000a191   Thumb Code    26  tasks.o(i.pvTaskIncrementMutexHeldCount)
    pxPortInitialiseStack                    0x0000a1b1   Thumb Code    30  port.o(i.pxPortInitialiseStack)
    rx_descr_init                            0x0000a429   Thumb Code    92  lpc177x_8x_emac.o(i.rx_descr_init)
    setEmacAddr                              0x0000a625   Thumb Code    38  lpc177x_8x_emac.o(i.setEmacAddr)
    start_task                               0x0000a695   Thumb Code   126  gpio_buzzer.o(i.start_task)
    sys_arch_mbox_fetch                      0x0000a855   Thumb Code    72  sys_arch.o(i.sys_arch_mbox_fetch)
    sys_arch_mbox_tryfetch                   0x0000a89d   Thumb Code    34  sys_arch.o(i.sys_arch_mbox_tryfetch)
    sys_arch_protect                         0x0000a8bf   Thumb Code    10  sys_arch.o(i.sys_arch_protect)
    sys_arch_sem_wait                        0x0000a8c9   Thumb Code    68  sys_arch.o(i.sys_arch_sem_wait)
    sys_arch_unprotect                       0x0000a90d   Thumb Code    10  sys_arch.o(i.sys_arch_unprotect)
    sys_check_timeouts                       0x0000a919   Thumb Code    74  timeouts.o(i.sys_check_timeouts)
    sys_init                                 0x0000a96d   Thumb Code    34  sys_arch.o(i.sys_init)
    sys_mbox_free                            0x0000a999   Thumb Code    18  sys_arch.o(i.sys_mbox_free)
    sys_mbox_new                             0x0000a9ab   Thumb Code    32  sys_arch.o(i.sys_mbox_new)
    sys_mbox_set_invalid                     0x0000a9cb   Thumb Code     6  sys_arch.o(i.sys_mbox_set_invalid)
    sys_mbox_trypost                         0x0000a9d1   Thumb Code    30  sys_arch.o(i.sys_mbox_trypost)
    sys_mbox_valid                           0x0000a9ef   Thumb Code    14  sys_arch.o(i.sys_mbox_valid)
    sys_mutex_lock                           0x0000a9fd   Thumb Code    16  sys_arch.o(i.sys_mutex_lock)
    sys_mutex_new                            0x0000aa0d   Thumb Code    32  sys_arch.o(i.sys_mutex_new)
    sys_mutex_unlock                         0x0000aa49   Thumb Code    18  sys_arch.o(i.sys_mutex_unlock)
    sys_now                                  0x0000aa5d   Thumb Code    16  sys_arch.o(i.sys_now)
    sys_sem_free                             0x0000aa71   Thumb Code    16  sys_arch.o(i.sys_sem_free)
    sys_sem_new                              0x0000aa81   Thumb Code    64  sys_arch.o(i.sys_sem_new)
    sys_sem_set_invalid                      0x0000aadd   Thumb Code     6  sys_arch.o(i.sys_sem_set_invalid)
    sys_sem_signal                           0x0000aae5   Thumb Code    28  sys_arch.o(i.sys_sem_signal)
    sys_sem_valid                            0x0000ab21   Thumb Code    14  sys_arch.o(i.sys_sem_valid)
    sys_thread_new                           0x0000ab31   Thumb Code    68  sys_arch.o(i.sys_thread_new)
    sys_timeout                              0x0000ab9d   Thumb Code    50  timeouts.o(i.sys_timeout)
    sys_timeouts_init                        0x0000ace5   Thumb Code    30  timeouts.o(i.sys_timeouts_init)
    sys_timeouts_sleeptime                   0x0000ad0d   Thumb Code    78  timeouts.o(i.sys_timeouts_sleeptime)
    tcp_abandon                              0x0000ad75   Thumb Code   256  tcp.o(i.tcp_abandon)
    tcp_abort                                0x0000aed5   Thumb Code    14  tcp.o(i.tcp_abort)
    tcp_accept                               0x0000aee3   Thumb Code    16  tcp.o(i.tcp_accept)
    tcp_alloc                                0x0000aef5   Thumb Code   170  tcp.o(i.tcp_alloc)
    tcp_arg                                  0x0000afb1   Thumb Code     6  tcp.o(i.tcp_arg)
    tcp_close                                0x0000afb9   Thumb Code    54  tcp.o(i.tcp_close)
    tcp_connect                              0x0000b235   Thumb Code   372  tcp.o(i.tcp_connect)
    tcp_eff_send_mss_netif                   0x0000b581   Thumb Code    72  tcp.o(i.tcp_eff_send_mss_netif)
    tcp_enqueue_flags                        0x0000b5f1   Thumb Code   358  tcp_out.o(i.tcp_enqueue_flags)
    tcp_err                                  0x0000b825   Thumb Code    34  tcp.o(i.tcp_err)
    tcp_fasttmr                              0x0000b871   Thumb Code   142  tcp.o(i.tcp_fasttmr)
    tcp_free                                 0x0000b90d   Thumb Code    34  tcp.o(i.tcp_free)
    tcp_input                                0x0000baed   Thumb Code  1872  tcp_in.o(i.tcp_input)
    tcp_keepalive                            0x0000c309   Thumb Code    88  tcp_out.o(i.tcp_keepalive)
    tcp_netif_ip_addr_changed                0x0000c689   Thumb Code    64  tcp.o(i.tcp_netif_ip_addr_changed)
    tcp_new_ip_type                          0x0000c745   Thumb Code    16  tcp.o(i.tcp_new_ip_type)
    tcp_next_iss                             0x0000c7bd   Thumb Code    40  tcp.o(i.tcp_next_iss)
    tcp_output                               0x0000c809   Thumb Code   658  tcp_out.o(i.tcp_output)
    tcp_pcb_purge                            0x0000d18d   Thumb Code    84  tcp.o(i.tcp_pcb_purge)
    tcp_pcb_remove                           0x0000d1fd   Thumb Code   184  tcp.o(i.tcp_pcb_remove)
    tcp_poll                                 0x0000d325   Thumb Code    56  tcp.o(i.tcp_poll)
    tcp_process_refused_data                 0x0000da39   Thumb Code   172  tcp.o(i.tcp_process_refused_data)
    tcp_recv                                 0x0000e235   Thumb Code    34  tcp.o(i.tcp_recv)
    tcp_recv_null                            0x0000e281   Thumb Code    68  tcp.o(i.tcp_recv_null)
    tcp_recved                               0x0000e2e1   Thumb Code   116  tcp.o(i.tcp_recved)
    tcp_rexmit                               0x0000e3e9   Thumb Code   132  tcp_out.o(i.tcp_rexmit)
    tcp_rexmit_fast                          0x0000e485   Thumb Code   132  tcp_out.o(i.tcp_rexmit_fast)
    tcp_rexmit_rto                           0x0000e529   Thumb Code    36  tcp_out.o(i.tcp_rexmit_rto)
    tcp_rexmit_rto_commit                    0x0000e569   Thumb Code    46  tcp_out.o(i.tcp_rexmit_rto_commit)
    tcp_rexmit_rto_prepare                   0x0000e5bd   Thumb Code   140  tcp_out.o(i.tcp_rexmit_rto_prepare)
    tcp_rst                                  0x0000e68d   Thumb Code   128  tcp_out.o(i.tcp_rst)
    tcp_seg_free                             0x0000e745   Thumb Code    26  tcp.o(i.tcp_seg_free)
    tcp_segs_free                            0x0000e75f   Thumb Code    24  tcp.o(i.tcp_segs_free)
    tcp_send_empty_ack                       0x0000e779   Thumb Code   184  tcp_out.o(i.tcp_send_empty_ack)
    tcp_send_fin                             0x0000e851   Thumb Code    94  tcp_out.o(i.tcp_send_fin)
    tcp_sent                                 0x0000e8cd   Thumb Code    32  tcp.o(i.tcp_sent)
    tcp_shutdown                             0x0000e915   Thumb Code   124  tcp.o(i.tcp_shutdown)
    tcp_slowtmr                              0x0000e9ad   Thumb Code  1482  tcp.o(i.tcp_slowtmr)
    tcp_split_unsent_seg                     0x0000f001   Thumb Code   468  tcp_out.o(i.tcp_split_unsent_seg)
    tcp_timer_needed                         0x0000f249   Thumb Code    38  timeouts.o(i.tcp_timer_needed)
    tcp_tmr                                  0x0000f35d   Thumb Code    30  tcp.o(i.tcp_tmr)
    tcp_trigger_input_pcb_close              0x0000f381   Thumb Code    14  tcp_in.o(i.tcp_trigger_input_pcb_close)
    tcp_update_rcv_ann_wnd                   0x0000f395   Thumb Code   110  tcp.o(i.tcp_update_rcv_ann_wnd)
    tcp_write                                0x0000f445   Thumb Code  1712  tcp_out.o(i.tcp_write)
    tcp_zero_window_probe                    0x0000fcb9   Thumb Code   228  tcp_out.o(i.tcp_zero_window_probe)
    tcpip_init                               0x0000fdc1   Thumb Code    84  tcpip.o(i.tcpip_init)
    tcpip_inpkt                              0x0000fe79   Thumb Code    88  tcpip.o(i.tcpip_inpkt)
    tcpip_input                              0x0000fee5   Thumb Code    40  tcpip.o(i.tcpip_input)
    tcpip_send_msg_wait_sem                  0x0000ff15   Thumb Code    28  tcpip.o(i.tcpip_send_msg_wait_sem)
    tx_descr_init                            0x000100fd   Thumb Code    80  lpc177x_8x_emac.o(i.tx_descr_init)
    udp_bind                                 0x00010375   Thumb Code   162  udp.o(i.udp_bind)
    udp_connect                              0x00010439   Thumb Code   138  udp.o(i.udp_connect)
    udp_disconnect                           0x00010501   Thumb Code    46  udp.o(i.udp_disconnect)
    udp_init                                 0x0001054d   Thumb Code     2  udp.o(i.udp_init)
    udp_input                                0x00010551   Thumb Code   426  udp.o(i.udp_input)
    udp_netif_ip_addr_changed                0x00010825   Thumb Code    42  udp.o(i.udp_netif_ip_addr_changed)
    udp_new                                  0x00010855   Thumb Code    28  udp.o(i.udp_new)
    udp_new_ip_type                          0x00010871   Thumb Code    14  udp.o(i.udp_new_ip_type)
    udp_recv                                 0x000108d9   Thumb Code    34  udp.o(i.udp_recv)
    udp_remove                               0x00010915   Thumb Code    84  udp.o(i.udp_remove)
    udp_send                                 0x00010985   Thumb Code    64  udp.o(i.udp_send)
    udp_sendto                               0x000109f5   Thumb Code   126  udp.o(i.udp_sendto)
    udp_sendto_if                            0x00010ac5   Thumb Code   162  udp.o(i.udp_sendto_if)
    udp_sendto_if_src                        0x00010be1   Thumb Code   374  udp.o(i.udp_sendto_if_src)
    uxListRemove                             0x00010e35   Thumb Code    40  list.o(i.uxListRemove)
    uxQueueMessagesWaiting                   0x00010e5d   Thumb Code    32  queue.o(i.uxQueueMessagesWaiting)
    vListInitialise                          0x00010ea1   Thumb Code    26  list.o(i.vListInitialise)
    vListInitialiseItem                      0x00010ebb   Thumb Code     6  list.o(i.vListInitialiseItem)
    vListInsert                              0x00010ec1   Thumb Code    52  list.o(i.vListInsert)
    vListInsertEnd                           0x00010ef5   Thumb Code    24  list.o(i.vListInsertEnd)
    vPortEnterCritical                       0x00010f0d   Thumb Code    68  port.o(i.vPortEnterCritical)
    vPortExitCritical                        0x00010f91   Thumb Code    48  port.o(i.vPortExitCritical)
    vPortFree                                0x00010ffd   Thumb Code   130  heap_4.o(i.vPortFree)
    vPortSetupTimerInterrupt                 0x000110c1   Thumb Code    36  port.o(i.vPortSetupTimerInterrupt)
    vPortValidateInterruptPriority           0x000110e9   Thumb Code    86  port.o(i.vPortValidateInterruptPriority)
    vQueueDelete                             0x00011185   Thumb Code    34  queue.o(i.vQueueDelete)
    vQueueUnregisterQueue                    0x000111cd   Thumb Code    44  queue.o(i.vQueueUnregisterQueue)
    vTaskDelay                               0x000111fd   Thumb Code    72  tasks.o(i.vTaskDelay)
    vTaskDelete                              0x00011271   Thumb Code   192  tasks.o(i.vTaskDelete)
    vTaskInternalSetTimeOutState             0x0001137d   Thumb Code    14  tasks.o(i.vTaskInternalSetTimeOutState)
    vTaskMissedYield                         0x00011395   Thumb Code     8  tasks.o(i.vTaskMissedYield)
    vTaskPlaceOnEventList                    0x000113a1   Thumb Code    42  tasks.o(i.vTaskPlaceOnEventList)
    vTaskPriorityDisinheritAfterTimeout      0x000113f5   Thumb Code   196  tasks.o(i.vTaskPriorityDisinheritAfterTimeout)
    vTaskStartScheduler                      0x000114e9   Thumb Code   102  tasks.o(i.vTaskStartScheduler)
    vTaskSuspendAll                          0x00011595   Thumb Code    12  tasks.o(i.vTaskSuspendAll)
    vTaskSwitchContext                       0x000115a5   Thumb Code   110  tasks.o(i.vTaskSwitchContext)
    xPortStartScheduler                      0x0001164d   Thumb Code   240  port.o(i.xPortStartScheduler)
    xPortSysTickHandler                      0x00011789   Thumb Code    46  port.o(i.xPortSysTickHandler)
    xQueueCreateCountingSemaphore            0x000117bd   Thumb Code    72  queue.o(i.xQueueCreateCountingSemaphore)
    xQueueCreateMutex                        0x00011829   Thumb Code    34  queue.o(i.xQueueCreateMutex)
    xQueueGenericCreate                      0x0001184d   Thumb Code   132  queue.o(i.xQueueGenericCreate)
    xQueueGenericReset                       0x000118f5   Thumb Code   136  queue.o(i.xQueueGenericReset)
    xQueueGenericSend                        0x000119a5   Thumb Code   426  queue.o(i.xQueueGenericSend)
    xQueueGiveFromISR                        0x00011b79   Thumb Code   240  queue.o(i.xQueueGiveFromISR)
    xQueueReceive                            0x00011c8d   Thumb Code   326  queue.o(i.xQueueReceive)
    xQueueSemaphoreTake                      0x00011dfd   Thumb Code   394  queue.o(i.xQueueSemaphoreTake)
    xTaskCheckForTimeOut                     0x00011fb1   Thumb Code   116  tasks.o(i.xTaskCheckForTimeOut)
    xTaskCreate                              0x00012051   Thumb Code    96  tasks.o(i.xTaskCreate)
    xTaskGetSchedulerState                   0x000120b1   Thumb Code    24  tasks.o(i.xTaskGetSchedulerState)
    xTaskGetTickCount                        0x000120d1   Thumb Code     6  tasks.o(i.xTaskGetTickCount)
    xTaskIncrementTick                       0x000120dd   Thumb Code   272  tasks.o(i.xTaskIncrementTick)
    xTaskPriorityDisinherit                  0x0001223d   Thumb Code   154  tasks.o(i.xTaskPriorityDisinherit)
    xTaskPriorityInherit                     0x00012309   Thumb Code   172  tasks.o(i.xTaskPriorityInherit)
    xTaskRemoveFromEventList                 0x000123c1   Thumb Code   118  tasks.o(i.xTaskRemoveFromEventList)
    xTaskResumeAll                           0x00012475   Thumb Code   214  tasks.o(i.xTaskResumeAll)
    EMAC_clkdiv                              0x00012594   Data          15  lpc177x_8x_emac.o(.constdata)
    netconn_aborted                          0x000125a3   Data           1  api_msg.o(.constdata)
    netconn_reset                            0x000125a4   Data           1  api_msg.o(.constdata)
    netconn_closed                           0x000125a5   Data           1  api_msg.o(.constdata)
    memp_UDP_PCB                             0x000125ec   Data          12  memp.o(.constdata)
    memp_TCP_PCB                             0x000125f8   Data          12  memp.o(.constdata)
    memp_TCP_PCB_LISTEN                      0x00012604   Data          12  memp.o(.constdata)
    memp_TCP_SEG                             0x00012610   Data          12  memp.o(.constdata)
    memp_REASSDATA                           0x0001261c   Data          12  memp.o(.constdata)
    memp_FRAG_PBUF                           0x00012628   Data          12  memp.o(.constdata)
    memp_NETBUF                              0x00012634   Data          12  memp.o(.constdata)
    memp_NETCONN                             0x00012640   Data          12  memp.o(.constdata)
    memp_TCPIP_MSG_API                       0x0001264c   Data          12  memp.o(.constdata)
    memp_TCPIP_MSG_INPKT                     0x00012658   Data          12  memp.o(.constdata)
    memp_SYS_TIMEOUT                         0x00012664   Data          12  memp.o(.constdata)
    memp_PBUF                                0x00012670   Data          12  memp.o(.constdata)
    memp_PBUF_POOL                           0x0001267c   Data          12  memp.o(.constdata)
    memp_pools                               0x00012688   Data          52  memp.o(.constdata)
    tcp_pcb_lists                            0x000126fc   Data          16  tcp.o(.constdata)
    lwip_cyclic_timers                       0x0001270c   Data          40  timeouts.o(.constdata)
    lwip_num_cyclic_timers                   0x00012734   Data           4  timeouts.o(.constdata)
    ip_addr_any                              0x00012738   Data           4  ip4_addr.o(.constdata)
    ip_addr_broadcast                        0x0001273c   Data           4  ip4_addr.o(.constdata)
    ethbroadcast                             0x00012740   Data           6  ethernet.o(.constdata)
    ethzero                                  0x00012746   Data           6  ethernet.o(.constdata)
    memp_RX_POOL                             0x0001274c   Data          12  ethernetif.o(.constdata)
    Region$$Table$$Base                      0x00012a44   Number         0  anon$$obj.o(Region$$Table)
    Region$$Table$$Limit                     0x00012a64   Number         0  anon$$obj.o(Region$$Table)
    SystemCoreClock                          0x10000000   Data           4  system_lpc177x_8x.o(.data)
    PeripheralClock                          0x10000004   Data           4  system_lpc177x_8x.o(.data)
    EMCClock                                 0x10000008   Data           4  system_lpc177x_8x.o(.data)
    USBClock                                 0x1000000c   Data           4  system_lpc177x_8x.o(.data)
    StartTask_Handler                        0x10000018   Data           4  gpio_buzzer.o(.data)
    LEDTask_Handler                          0x1000001c   Data           4  gpio_buzzer.o(.data)
    LED1Task_Handler                         0x10000020   Data           4  gpio_buzzer.o(.data)
    SysTickCnt                               0x10000024   Data           4  gpio_buzzer.o(.data)
    flag                                     0x10000028   Data           2  uart2.o(.data)
    res                                      0x1000002a   Data           1  uart2.o(.data)
    rptr                                     0x1000002c   Data           4  emac.o(.data)
    rx_size                                  0x10000030   Data           4  emac.o(.data)
    rx_ptr                                   0x10000034   Data           8  emac.o(.data)
    rx_done                                  0x1000003c   Data           1  emac.o(.data)
    read_done                                0x1000003d   Data           1  emac.o(.data)
    recv_data                                0x10000040   Data           4  client.o(.data)
    pxCurrentTCB                             0x10000044   Data           4  tasks.o(.data)
    uxTopUsedPriority                        0x1000007c   Data           4  tasks.o(.data)
    lock_tcpip_core                          0x100000c0   Data           4  tcpip.o(.data)
    netif_list                               0x10000108   Data           4  netif.o(.data)
    netif_default                            0x1000010c   Data           4  netif.o(.data)
    tcp_ticks                                0x10000118   Data           4  tcp.o(.data)
    tcp_bound_pcbs                           0x1000011c   Data           4  tcp.o(.data)
    tcp_listen_pcbs                          0x10000120   Data           4  tcp.o(.data)
    tcp_active_pcbs                          0x10000124   Data           4  tcp.o(.data)
    tcp_tw_pcbs                              0x10000128   Data           4  tcp.o(.data)
    tcp_active_pcbs_changed                  0x1000012c   Data           1  tcp.o(.data)
    tcp_input_pcb                            0x10000158   Data           4  tcp_in.o(.data)
    udp_pcbs                                 0x1000016c   Data           4  udp.o(.data)
    dhcp_rx_options_given                    0x10000170   Data           8  dhcp.o(.data)
    errno                                    0x10000194   Data           4  sys_arch.o(.data)
    lwip_sys_now                             0x10000198   Data           4  sys_arch.o(.data)
    ipaddr                                   0x100001a0   Data           4  sys_arch.o(.data)
    netmask                                  0x100001a4   Data           4  sys_arch.o(.data)
    gw                                       0x100001a8   Data           4  sys_arch.o(.data)
    IP_ADDRESS                               0x100001ac   Data           4  sys_arch.o(.data)
    NETMASK_ADDRESS                          0x100001b0   Data           4  sys_arch.o(.data)
    GATEWAY_ADDRESS                          0x100001b4   Data           4  sys_arch.o(.data)
    s_xSemaphore                             0x100001b8   Data           4  ethernetif.o(.data)
    tx_sem                                   0x100001bc   Data           4  ethernetif.o(.data)
    eth_tx_mb                                0x100001c0   Data           4  ethernetif.o(.data)
    __stdout                                 0x100001cc   Data           4  stdout.o(.data)
    _netif                                   0x100019fc   Data          52  lwip.o(.bss)
    gTxBuf                                   0x10001a30   Data        1536  lwip.o(.bss)
    xQueueRegistry                           0x10002314   Data          80  queue.o(.bss)
    ip_data                                  0x10005fa4   Data          24  ip.o(.bss)
    ram_heap                                 0x10005fbc   Data       15379  mem.o(.bss)
    memp_memory_UDP_PCB_base                 0x10009bcf   Data         195  memp.o(.bss)
    memp_memory_TCP_PCB_base                 0x10009c92   Data        1523  memp.o(.bss)
    memp_memory_TCP_PCB_LISTEN_base          0x1000a285   Data         171  memp.o(.bss)
    memp_memory_TCP_SEG_base                 0x1000a330   Data         403  memp.o(.bss)
    memp_memory_REASSDATA_base               0x1000a4c3   Data         163  memp.o(.bss)
    memp_memory_FRAG_PBUF_base               0x1000a566   Data         363  memp.o(.bss)
    memp_memory_NETBUF_base                  0x1000a6d1   Data          35  memp.o(.bss)
    memp_memory_NETCONN_base                 0x1000a6f4   Data         163  memp.o(.bss)
    memp_memory_TCPIP_MSG_API_base           0x1000a797   Data         131  memp.o(.bss)
    memp_memory_TCPIP_MSG_INPKT_base         0x1000a81a   Data         131  memp.o(.bss)
    memp_memory_SYS_TIMEOUT_base             0x1000a89d   Data          83  memp.o(.bss)
    memp_memory_PBUF_base                    0x1000a8f0   Data         163  memp.o(.bss)
    memp_memory_PBUF_POOL_base               0x1000a993   Data        7583  memp.o(.bss)
    dhcp_rx_options_val                      0x1000c744   Data          32  dhcp.o(.bss)
    gnetif                                   0x1000c874   Data          52  sys_arch.o(.bss)
    memp_memory_RX_POOL_base                 0x1000c8a8   Data         403  ethernetif.o(.bss)
    __initial_sp                             0x1000e040   Data           0  startup_lpc177x_8x.o(STACK)



==============================================================================

Memory Map of the image

  Image Entry point : 0x000000e5

  Load Region LR_IROM1 (Base: 0x00000000, Size: 0x00012c34, Max: 0x00080000, ABSOLUTE, COMPRESSED[0x00012a8c])

    Execution Region ER_IROM1 (Exec base: 0x00000000, Load base: 0x00000000, Size: 0x00012a64, Max: 0x00080000, ABSOLUTE)

    Exec Addr    Load Addr    Size         Type   Attr      Idx    E Section Name        Object

    0x00000000   0x00000000   0x000000e4   Data   RO            3    RESET               startup_lpc177x_8x.o
    0x000000e4   0x000000e4   0x00000000   Code   RO         5985  * .ARM.Collect$$$$00000000  mc_w.l(entry.o)
    0x000000e4   0x000000e4   0x00000004   Code   RO         6303    .ARM.Collect$$$$00000001  mc_w.l(entry2.o)
    0x000000e8   0x000000e8   0x00000004   Code   RO         6306    .ARM.Collect$$$$00000004  mc_w.l(entry5.o)
    0x000000ec   0x000000ec   0x00000000   Code   RO         6308    .ARM.Collect$$$$00000008  mc_w.l(entry7b.o)
    0x000000ec   0x000000ec   0x00000000   Code   RO         6310    .ARM.Collect$$$$0000000A  mc_w.l(entry8b.o)
    0x000000ec   0x000000ec   0x00000008   Code   RO         6311    .ARM.Collect$$$$0000000B  mc_w.l(entry9a.o)
    0x000000f4   0x000000f4   0x00000000   Code   RO         6313    .ARM.Collect$$$$0000000D  mc_w.l(entry10a.o)
    0x000000f4   0x000000f4   0x00000000   Code   RO         6315    .ARM.Collect$$$$0000000F  mc_w.l(entry11a.o)
    0x000000f4   0x000000f4   0x00000004   Code   RO         6304    .ARM.Collect$$$$00002712  mc_w.l(entry2.o)
    0x000000f8   0x000000f8   0x0000009e   Code   RO         2374    .emb_text           port.o
    0x00000196   0x00000196   0x00000002   PAD
    0x00000198   0x00000198   0x00000024   Code   RO            5    .text               startup_lpc177x_8x.o
    0x000001bc   0x000001bc   0x00000062   Code   RO         5988    .text               mc_w.l(uldiv.o)
    0x0000021e   0x0000021e   0x00000040   Code   RO         6020    .text               mc_w.l(memmovea.o)
    0x0000025e   0x0000025e   0x00000024   Code   RO         6024    .text               mc_w.l(memseta.o)
    0x00000282   0x00000282   0x0000001a   Code   RO         6028    .text               mc_w.l(memcmp.o)
    0x0000029c   0x0000029c   0x0000001e   Code   RO         6320    .text               mc_w.l(llshl.o)
    0x000002ba   0x000002ba   0x00000020   Code   RO         6322    .text               mc_w.l(llushr.o)
    0x000002da   0x000002da   0x00000002   PAD
    0x000002dc   0x000002dc   0x00000014   Code   RO          639    i.EMAC_GetRxBuffer  lpc177x_8x_emac.o
    0x000002f0   0x000002f0   0x00000002   Code   RO         1054    i.ErrorReceiveCallback  emac.o
    0x000002f2   0x000002f2   0x00000004   Code   RO          828    i.HardFault_Handler  gpio_buzzer.o
    0x000002f6   0x000002f6   0x00000002   Code   RO         6359    i.__scatterload_null  mc_w.l(handlers.o)
    0x000002f8   0x000002f8   0x00000002   Code   RO         3861    i.netif_init        netif.o
    0x000002fa   0x000002fa   0x00000002   Code   RO         4295    i.tcp_init          tcp.o
    0x000002fc   0x000002fc   0x00000004   Code   RO            4    .ARM.__at_0x02FC    startup_lpc177x_8x.o
    0x00000300   0x00000300   0x00000024   Code   RO         6346    .text               mc_w.l(init.o)
    0x00000324   0x00000324   0x00000056   Code   RO         6364    .text               mc_w.l(__dczerorl2.o)
    0x0000037a   0x0000037a   0x00000002   PAD
    0x0000037c   0x0000037c   0x0000002c   Code   RO          308    i.CLKPWR_ConfigPPWR  lpc177x_8x_clkpwr.o
    0x000003a8   0x000003a8   0x00000040   Code   RO          311    i.CLKPWR_GetCLK     lpc177x_8x_clkpwr.o
    0x000003e8   0x000003e8   0x00000068   Code   RO          635    i.EMAC_AllocTxBuff  lpc177x_8x_emac.o
    0x00000450   0x00000450   0x00000058   Code   RO          638    i.EMAC_GetBufferSts  lpc177x_8x_emac.o
    0x000004a8   0x000004a8   0x00000018   Code   RO          640    i.EMAC_GetRxFrameSize  lpc177x_8x_emac.o
    0x000004c0   0x000004c0   0x00000014   Code   RO          641    i.EMAC_GetRxFrameStatus  lpc177x_8x_emac.o
    0x000004d4   0x000004d4   0x00000014   Code   RO          642    i.EMAC_GetTxFrameStatus  lpc177x_8x_emac.o
    0x000004e8   0x000004e8   0x00000150   Code   RO          644    i.EMAC_Init         lpc177x_8x_emac.o
    0x00000638   0x00000638   0x00000020   Code   RO          645    i.EMAC_IntCmd       lpc177x_8x_emac.o
    0x00000658   0x00000658   0x0000004c   Code   RO          647    i.EMAC_Read_PHY     lpc177x_8x_emac.o
    0x000006a4   0x000006a4   0x00000024   Code   RO          649    i.EMAC_RxEnable     lpc177x_8x_emac.o
    0x000006c8   0x000006c8   0x00000030   Code   RO          651    i.EMAC_SetFullDuplexMode  lpc177x_8x_emac.o
    0x000006f8   0x000006f8   0x00000018   Code   RO          653    i.EMAC_SetPHYSpeed  lpc177x_8x_emac.o
    0x00000710   0x00000710   0x00000018   Code   RO          655    i.EMAC_TxEnable     lpc177x_8x_emac.o
    0x00000728   0x00000728   0x00000018   Code   RO          656    i.EMAC_UpdateRxConsumeIndex  lpc177x_8x_emac.o
    0x00000740   0x00000740   0x00000024   Code   RO          657    i.EMAC_UpdateTxProduceIndex  lpc177x_8x_emac.o
    0x00000764   0x00000764   0x00000078   Code   RO          658    i.EMAC_WritePacketBuffer  lpc177x_8x_emac.o
    0x000007dc   0x000007dc   0x00000040   Code   RO          659    i.EMAC_Write_PHY    lpc177x_8x_emac.o
    0x0000081c   0x0000081c   0x00000228   Code   RO          660    i.ENET_IRQHandler   lpc177x_8x_emac.o
    0x00000a44   0x00000a44   0x00000068   Code   RO         1055    i.FrameReceiveCallback  emac.o
    0x00000aac   0x00000aac   0x00000014   Code   RO          145    i.GPIO_ClearValue   lpc177x_8x_gpio.o
    0x00000ac0   0x00000ac0   0x00000038   Code   RO          147    i.GPIO_GetPointer   lpc177x_8x_gpio.o
    0x00000af8   0x00000af8   0x0000001e   Code   RO          149    i.GPIO_OutputValue  lpc177x_8x_gpio.o
    0x00000b16   0x00000b16   0x00000028   Code   RO          151    i.GPIO_SetDir       lpc177x_8x_gpio.o
    0x00000b3e   0x00000b3e   0x00000014   Code   RO          152    i.GPIO_SetValue     lpc177x_8x_gpio.o
    0x00000b52   0x00000b52   0x00000002   PAD
    0x00000b54   0x00000b54   0x000000dc   Code   RO         1056    i.Init_EMAC         emac.o
    0x00000c30   0x00000c30   0x00000022   Code   RO         1009    i.PHY_Init          phylan.o
    0x00000c52   0x00000c52   0x00000034   Code   RO         1010    i.PHY_Reset         phylan.o
    0x00000c86   0x00000c86   0x0000009c   Code   RO         1011    i.PHY_SetMode       phylan.o
    0x00000d22   0x00000d22   0x0000007e   Code   RO         1012    i.PHY_UpdateStatus  phylan.o
    0x00000da0   0x00000da0   0x00000028   Code   RO          557    i.PINSEL_ConfigPin  lpc177x_8x_pinsel.o
    0x00000dc8   0x00000dc8   0x00000018   Code   RO          567    i.PIN_GetPointer    lpc177x_8x_pinsel.o
    0x00000de0   0x00000de0   0x00000012   Code   RO         1061    i.SendFrame         emac.o
    0x00000df2   0x00000df2   0x00000010   Code   RO          829    i.SysTick_Handler   gpio_buzzer.o
    0x00000e02   0x00000e02   0x00000002   PAD
    0x00000e04   0x00000e04   0x000000cc   Code   RO           25    i.SystemInit        system_lpc177x_8x.o
    0x00000ed0   0x00000ed0   0x00000118   Code   RO         5731    i.TCPIP_Init        sys_arch.o
    0x00000fe8   0x00000fe8   0x0000000c   Code   RO          941    i.UART2_GetChar     uart2.o
    0x00000ff4   0x00000ff4   0x00000044   Code   RO          942    i.UART2_IRQHandler  uart2.o
    0x00001038   0x00001038   0x0000001c   Code   RO          943    i.UART2_SendByte    uart2.o
    0x00001054   0x00001054   0x00000068   Code   RO          365    i.UART_CheckBusy    lpc177x_8x_uart.o
    0x000010bc   0x000010bc   0x00000012   Code   RO          366    i.UART_ConfigStructInit  lpc177x_8x_uart.o
    0x000010ce   0x000010ce   0x00000002   PAD
    0x000010d0   0x000010d0   0x0000021c   Code   RO          376    i.UART_Init         lpc177x_8x_uart.o
    0x000012ec   0x000012ec   0x000000a4   Code   RO          377    i.UART_IntConfig    lpc177x_8x_uart.o
    0x00001390   0x00001390   0x00000048   Code   RO          389    i.UART_SendByte     lpc177x_8x_uart.o
    0x000013d8   0x000013d8   0x0000006c   Code   RO          390    i.UART_TxCmd        lpc177x_8x_uart.o
    0x00001444   0x00001444   0x000000d8   Code   RO          948    i.Uart_Init         uart2.o
    0x0000151c   0x0000151c   0x00000020   Code   RO         6169    i.__0printf$5       mc_w.l(printf5.o)
    0x0000153c   0x0000153c   0x0000000e   Code   RO         6358    i.__scatterload_copy  mc_w.l(handlers.o)
    0x0000154a   0x0000154a   0x0000000e   Code   RO         6360    i.__scatterload_zeroinit  mc_w.l(handlers.o)
    0x00001558   0x00001558   0x000002c0   Code   RO         6176    i._printf_core      mc_w.l(printf5.o)
    0x00001818   0x00001818   0x000000bc   Code   RO         3028    i.alloc_socket      sockets.o
    0x000018d4   0x000018d4   0x0000014c   Code   RO         1343    i.client            client.o
    0x00001a20   0x00001a20   0x00000020   Code   RO         1344    i.client_init       client.o
    0x00001a40   0x00001a40   0x00000044   Code   RO         5030    i.dhcp_arp_reply    dhcp.o
    0x00001a84   0x00001a84   0x00000148   Code   RO         5031    i.dhcp_bind         dhcp.o
    0x00001bcc   0x00001bcc   0x0000003e   Code   RO         5032    i.dhcp_check        dhcp.o
    0x00001c0a   0x00001c0a   0x00000002   PAD
    0x00001c0c   0x00001c0c   0x00000068   Code   RO         5034    i.dhcp_coarse_tmr   dhcp.o
    0x00001c74   0x00001c74   0x000001a8   Code   RO         5035    i.dhcp_create_msg   dhcp.o
    0x00001e1c   0x00001e1c   0x00000064   Code   RO         5036    i.dhcp_dec_pcb_refcount  dhcp.o
    0x00001e80   0x00001e80   0x000000b0   Code   RO         5037    i.dhcp_decline      dhcp.o
    0x00001f30   0x00001f30   0x00000100   Code   RO         5038    i.dhcp_discover     dhcp.o
    0x00002030   0x00002030   0x00000038   Code   RO         5039    i.dhcp_fine_tmr     dhcp.o
    0x00002068   0x00002068   0x00000080   Code   RO         5040    i.dhcp_handle_ack   dhcp.o
    0x000020e8   0x000020e8   0x00000028   Code   RO         5041    i.dhcp_handle_nak   dhcp.o
    0x00002110   0x00002110   0x00000030   Code   RO         5042    i.dhcp_handle_offer  dhcp.o
    0x00002140   0x00002140   0x000000ac   Code   RO         5043    i.dhcp_inc_pcb_refcount  dhcp.o
    0x000021ec   0x000021ec   0x0000003c   Code   RO         5046    i.dhcp_option       dhcp.o
    0x00002228   0x00002228   0x00000060   Code   RO         5047    i.dhcp_option_byte  dhcp.o
    0x00002288   0x00002288   0x00000088   Code   RO         5048    i.dhcp_option_long  dhcp.o
    0x00002310   0x00002310   0x00000070   Code   RO         5049    i.dhcp_option_short  dhcp.o
    0x00002380   0x00002380   0x0000003a   Code   RO         5050    i.dhcp_option_trailer  dhcp.o
    0x000023ba   0x000023ba   0x00000002   PAD
    0x000023bc   0x000023bc   0x00000450   Code   RO         5051    i.dhcp_parse_reply  dhcp.o
    0x0000280c   0x0000280c   0x000000f0   Code   RO         5052    i.dhcp_rebind       dhcp.o
    0x000028fc   0x000028fc   0x00000118   Code   RO         5053    i.dhcp_reboot       dhcp.o
    0x00002a14   0x00002a14   0x00000128   Code   RO         5054    i.dhcp_recv         dhcp.o
    0x00002b3c   0x00002b3c   0x000000c8   Code   RO         5056    i.dhcp_release_and_stop  dhcp.o
    0x00002c04   0x00002c04   0x000000f0   Code   RO         5057    i.dhcp_renew        dhcp.o
    0x00002cf4   0x00002cf4   0x000001bc   Code   RO         5058    i.dhcp_select       dhcp.o
    0x00002eb0   0x00002eb0   0x00000010   Code   RO         5059    i.dhcp_set_state    dhcp.o
    0x00002ec0   0x00002ec0   0x000000e4   Code   RO         5061    i.dhcp_start        dhcp.o
    0x00002fa4   0x00002fa4   0x00000028   Code   RO         5063    i.dhcp_supplied_address  dhcp.o
    0x00002fcc   0x00002fcc   0x00000042   Code   RO         5064    i.dhcp_t1_timeout   dhcp.o
    0x0000300e   0x0000300e   0x00000048   Code   RO         5065    i.dhcp_t2_timeout   dhcp.o
    0x00003056   0x00003056   0x00000074   Code   RO         5066    i.dhcp_timeout      dhcp.o
    0x000030ca   0x000030ca   0x00000002   PAD
    0x000030cc   0x000030cc   0x00000058   Code   RO         3758    i.do_memp_free_pool  memp.o
    0x00003124   0x00003124   0x00000064   Code   RO         3759    i.do_memp_malloc_pool  memp.o
    0x00003188   0x00003188   0x00000184   Code   RO         2675    i.err_tcp           api_msg.o
    0x0000330c   0x0000330c   0x00000020   Code   RO         2875    i.err_to_errno      err.o
    0x0000332c   0x0000332c   0x00000038   Code   RO         5253    i.etharp_cleanup_netif  etharp.o
    0x00003364   0x00003364   0x00000278   Code   RO         5255    i.etharp_find_entry  etharp.o
    0x000035dc   0x000035dc   0x00000040   Code   RO         5256    i.etharp_free_entry  etharp.o
    0x0000361c   0x0000361c   0x000000d8   Code   RO         5258    i.etharp_input      etharp.o
    0x000036f4   0x000036f4   0x000001a8   Code   RO         5259    i.etharp_output     etharp.o
    0x0000389c   0x0000389c   0x00000100   Code   RO         5260    i.etharp_output_to_arp_index  etharp.o
    0x0000399c   0x0000399c   0x00000224   Code   RO         5261    i.etharp_query      etharp.o
    0x00003bc0   0x00003bc0   0x00000110   Code   RO         5262    i.etharp_raw        etharp.o
    0x00003cd0   0x00003cd0   0x00000018   Code   RO         5263    i.etharp_request    etharp.o
    0x00003ce8   0x00003ce8   0x0000002c   Code   RO         5264    i.etharp_request_dst  etharp.o
    0x00003d14   0x00003d14   0x000000dc   Code   RO         5265    i.etharp_tmr        etharp.o
    0x00003df0   0x00003df0   0x000000f4   Code   RO         5266    i.etharp_update_arp_entry  etharp.o
    0x00003ee4   0x00003ee4   0x000000c4   Code   RO         5661    i.ethernet_input    ethernet.o
    0x00003fa8   0x00003fa8   0x0000009c   Code   RO         5662    i.ethernet_output   ethernet.o
    0x00004044   0x00004044   0x00000064   Code   RO         5930    i.ethernetif_init   ethernetif.o
    0x000040a8   0x000040a8   0x0000007c   Code   RO         5931    i.ethernetif_input  ethernetif.o
    0x00004124   0x00004124   0x00000110   Code   RO         3029    i.event_callback    sockets.o
    0x00004234   0x00004234   0x0000001e   Code   RO          949    i.fputc             uart2.o
    0x00004252   0x00004252   0x00000032   Code   RO         3030    i.free_socket       sockets.o
    0x00004284   0x00004284   0x00000026   Code   RO         3031    i.free_socket_free_elements  sockets.o
    0x000042aa   0x000042aa   0x00000018   Code   RO         3032    i.free_socket_locked  sockets.o
    0x000042c2   0x000042c2   0x00000002   PAD
    0x000042c4   0x000042c4   0x00000024   Code   RO         3033    i.get_socket        sockets.o
    0x000042e8   0x000042e8   0x00000012   Code   RO         5352    i.icmp_dest_unreach  icmp.o
    0x000042fa   0x000042fa   0x00000002   PAD
    0x000042fc   0x000042fc   0x00000240   Code   RO         5353    i.icmp_input        icmp.o
    0x0000453c   0x0000453c   0x000000bc   Code   RO         5354    i.icmp_send_response  icmp.o
    0x000045f8   0x000045f8   0x00000012   Code   RO         5355    i.icmp_time_exceeded  icmp.o
    0x0000460a   0x0000460a   0x00000014   Code   RO         3570    i.inet_chksum       inet_chksum.o
    0x0000461e   0x0000461e   0x00000056   Code   RO         3571    i.inet_chksum_pbuf  inet_chksum.o
    0x00004674   0x00004674   0x0000004c   Code   RO         3572    i.inet_chksum_pseudo  inet_chksum.o
    0x000046c0   0x000046c0   0x00000084   Code   RO         3574    i.inet_cksum_pseudo_base  inet_chksum.o
    0x00004744   0x00004744   0x00000088   Code   RO          830    i.init              gpio_buzzer.o
    0x000047cc   0x000047cc   0x0000004e   Code   RO         5455    i.ip4_addr_isbroadcast_u32  ip4_addr.o
    0x0000481a   0x0000481a   0x00000002   PAD
    0x0000481c   0x0000481c   0x00000254   Code   RO         5515    i.ip4_frag          ip4_frag.o
    0x00004a70   0x00004a70   0x000001dc   Code   RO         5398    i.ip4_input         ip4.o
    0x00004c4c   0x00004c4c   0x00000034   Code   RO         5399    i.ip4_input_accept  ip4.o
    0x00004c80   0x00004c80   0x00000036   Code   RO         5401    i.ip4_output_if     ip4.o
    0x00004cb6   0x00004cb6   0x00000002   PAD
    0x00004cb8   0x00004cb8   0x00000190   Code   RO         5402    i.ip4_output_if_src  ip4.o
    0x00004e48   0x00004e48   0x0000028c   Code   RO         5516    i.ip4_reass         ip4_frag.o
    0x000050d4   0x000050d4   0x00000094   Code   RO         5403    i.ip4_route         ip4.o
    0x00005168   0x00005168   0x00000024   Code   RO         3576    i.ip_chksum_pseudo  inet_chksum.o
    0x0000518c   0x0000518c   0x0000000a   Code   RO         5517    i.ip_frag_alloc_pbuf_custom_ref  ip4_frag.o
    0x00005196   0x00005196   0x00000002   PAD
    0x00005198   0x00005198   0x0000002c   Code   RO         5518    i.ip_frag_free_pbuf_custom_ref  ip4_frag.o
    0x000051c4   0x000051c4   0x00000274   Code   RO         5519    i.ip_reass_chain_frag_into_datagram_and_validate  ip4_frag.o
    0x00005438   0x00005438   0x00000054   Code   RO         5520    i.ip_reass_dequeue_datagram  ip4_frag.o
    0x0000548c   0x0000548c   0x00000054   Code   RO         5521    i.ip_reass_enqueue_new_datagram  ip4_frag.o
    0x000054e0   0x000054e0   0x0000015c   Code   RO         5522    i.ip_reass_free_complete_datagram  ip4_frag.o
    0x0000563c   0x0000563c   0x00000088   Code   RO         5523    i.ip_reass_remove_oldest_datagram  ip4_frag.o
    0x000056c4   0x000056c4   0x00000034   Code   RO         5524    i.ip_reass_tmr      ip4_frag.o
    0x000056f8   0x000056f8   0x00000054   Code   RO         5525    i.ipfrag_free_pbuf_custom  ip4_frag.o
    0x0000574c   0x0000574c   0x0000002e   Code   RO          831    i.led1_task         gpio_buzzer.o
    0x0000577a   0x0000577a   0x00000030   Code   RO          832    i.led_task          gpio_buzzer.o
    0x000057aa   0x000057aa   0x00000002   PAD
    0x000057ac   0x000057ac   0x000000c0   Code   RO         5932    i.low_level_init    ethernetif.o
    0x0000586c   0x0000586c   0x0000009c   Code   RO         5933    i.low_level_input   ethernetif.o
    0x00005908   0x00005908   0x0000005c   Code   RO         5934    i.low_level_output  ethernetif.o
    0x00005964   0x00005964   0x0000009c   Code   RO         3036    i.lwip_close        sockets.o
    0x00005a00   0x00005a00   0x000000e8   Code   RO         3037    i.lwip_connect      sockets.o
    0x00005ae8   0x00005ae8   0x00000050   Code   RO         4814    i.lwip_cyclic_timer  timeouts.o
    0x00005b38   0x00005b38   0x0000001a   Code   RO         3514    i.lwip_htonl        def.o
    0x00005b52   0x00005b52   0x0000000c   Code   RO         3515    i.lwip_htons        def.o
    0x00005b5e   0x00005b5e   0x00000002   PAD
    0x00005b60   0x00005b60   0x00000040   Code   RO         3635    i.lwip_init         init.o
    0x00005ba0   0x00005ba0   0x000000e8   Code   RO         2678    i.lwip_netconn_do_close  api_msg.o
    0x00005c88   0x00005c88   0x000002c4   Code   RO         2679    i.lwip_netconn_do_close_internal  api_msg.o
    0x00005f4c   0x00005f4c   0x0000013c   Code   RO         2680    i.lwip_netconn_do_connect  api_msg.o
    0x00006088   0x00006088   0x0000013c   Code   RO         2681    i.lwip_netconn_do_connected  api_msg.o
    0x000061c4   0x000061c4   0x00000198   Code   RO         2682    i.lwip_netconn_do_delconn  api_msg.o
    0x0000635c   0x0000635c   0x00000026   Code   RO         2683    i.lwip_netconn_do_disconnect  api_msg.o
    0x00006382   0x00006382   0x00000002   PAD
    0x00006384   0x00006384   0x000000d0   Code   RO         2684    i.lwip_netconn_do_getaddr  api_msg.o
    0x00006454   0x00006454   0x00000018   Code   RO         2686    i.lwip_netconn_do_newconn  api_msg.o
    0x0000646c   0x0000646c   0x00000048   Code   RO         2687    i.lwip_netconn_do_recv  api_msg.o
    0x000064b4   0x000064b4   0x00000064   Code   RO         2688    i.lwip_netconn_do_send  api_msg.o
    0x00006518   0x00006518   0x000000fc   Code   RO         2689    i.lwip_netconn_do_write  api_msg.o
    0x00006614   0x00006614   0x00000388   Code   RO         2690    i.lwip_netconn_do_writemore  api_msg.o
    0x0000699c   0x0000699c   0x00000054   Code   RO         2691    i.lwip_netconn_err_to_msg  api_msg.o
    0x000069f0   0x000069f0   0x0000005c   Code   RO         2692    i.lwip_netconn_is_err_msg  api_msg.o
    0x00006a4c   0x00006a4c   0x00000048   Code   RO         3050    i.lwip_poll_should_wake  sockets.o
    0x00006a94   0x00006a94   0x00000022   Code   RO         3054    i.lwip_recv         sockets.o
    0x00006ab6   0x00006ab6   0x00000002   PAD
    0x00006ab8   0x00006ab8   0x000001f4   Code   RO         3055    i.lwip_recv_tcp     sockets.o
    0x00006cac   0x00006cac   0x00000044   Code   RO         3056    i.lwip_recv_tcp_from  sockets.o
    0x00006cf0   0x00006cf0   0x00000108   Code   RO         3057    i.lwip_recvfrom     sockets.o
    0x00006df8   0x00006df8   0x00000154   Code   RO         3058    i.lwip_recvfrom_udp_raw  sockets.o
    0x00006f4c   0x00006f4c   0x000000a0   Code   RO         3062    i.lwip_send         sockets.o
    0x00006fec   0x00006fec   0x0000013c   Code   RO         3064    i.lwip_sendto       sockets.o
    0x00007128   0x00007128   0x000000cc   Code   RO         3068    i.lwip_sock_make_addr  sockets.o
    0x000071f4   0x000071f4   0x000000a8   Code   RO         3069    i.lwip_socket       sockets.o
    0x0000729c   0x0000729c   0x0000005e   Code   RO         3578    i.lwip_standard_chksum  inet_chksum.o
    0x000072fa   0x000072fa   0x00000016   Code   RO         3075    i.lwip_write        sockets.o
    0x00007310   0x00007310   0x00000040   Code   RO          833    i.main              gpio_buzzer.o
    0x00007350   0x00007350   0x00000190   Code   RO         3695    i.mem_free          mem.o
    0x000074e0   0x000074e0   0x00000094   Code   RO         3696    i.mem_init          mem.o
    0x00007574   0x00007574   0x00000058   Code   RO         3697    i.mem_link_valid    mem.o
    0x000075cc   0x000075cc   0x0000023c   Code   RO         3698    i.mem_malloc        mem.o
    0x00007808   0x00007808   0x00000010   Code   RO         3699    i.mem_to_ptr        mem.o
    0x00007818   0x00007818   0x000001d8   Code   RO         3700    i.mem_trim          mem.o
    0x000079f0   0x000079f0   0x00000050   Code   RO         3760    i.memp_free         memp.o
    0x00007a40   0x00007a40   0x00000020   Code   RO         3762    i.memp_init         memp.o
    0x00007a60   0x00007a60   0x0000002c   Code   RO         3763    i.memp_init_pool    memp.o
    0x00007a8c   0x00007a8c   0x00000050   Code   RO         3764    i.memp_malloc       memp.o
    0x00007adc   0x00007adc   0x00000020   Code   RO         2931    i.netbuf_delete     netbuf.o
    0x00007afc   0x00007afc   0x00000048   Code   RO         2933    i.netbuf_free       netbuf.o
    0x00007b44   0x00007b44   0x0000006c   Code   RO         2936    i.netbuf_ref        netbuf.o
    0x00007bb0   0x00007bb0   0x000000c0   Code   RO         2693    i.netconn_alloc     api_msg.o
    0x00007c70   0x00007c70   0x00000022   Code   RO         2453    i.netconn_apimsg    api_lib.o
    0x00007c92   0x00007c92   0x00000002   PAD
    0x00007c94   0x00007c94   0x0000005c   Code   RO         2457    i.netconn_close_shutdown  api_lib.o
    0x00007cf0   0x00007cf0   0x00000064   Code   RO         2458    i.netconn_connect   api_lib.o
    0x00007d54   0x00007d54   0x0000001e   Code   RO         2459    i.netconn_delete    api_lib.o
    0x00007d72   0x00007d72   0x00000002   PAD
    0x00007d74   0x00007d74   0x00000058   Code   RO         2460    i.netconn_disconnect  api_lib.o
    0x00007dcc   0x00007dcc   0x000000aa   Code   RO         2694    i.netconn_drain     api_msg.o
    0x00007e76   0x00007e76   0x00000022   Code   RO         2461    i.netconn_err       api_lib.o
    0x00007e98   0x00007e98   0x00000108   Code   RO         2695    i.netconn_free      api_msg.o
    0x00007fa0   0x00007fa0   0x000000d0   Code   RO         2462    i.netconn_getaddr   api_lib.o
    0x00008070   0x00008070   0x00000130   Code   RO         2464    i.netconn_new_with_proto_and_callback  api_lib.o
    0x000081a0   0x000081a0   0x00000030   Code   RO         2465    i.netconn_prepare_delete  api_lib.o
    0x000081d0   0x000081d0   0x00000160   Code   RO         2467    i.netconn_recv_data  api_lib.o
    0x00008330   0x00008330   0x000000bc   Code   RO         2468    i.netconn_recv_data_tcp  api_lib.o
    0x000083ec   0x000083ec   0x00000058   Code   RO         2470    i.netconn_recv_tcp_pbuf_flags  api_lib.o
    0x00008444   0x00008444   0x00000060   Code   RO         2472    i.netconn_recv_udp_raw_netbuf_flags  api_lib.o
    0x000084a4   0x000084a4   0x00000054   Code   RO         2473    i.netconn_send      api_lib.o
    0x000084f8   0x000084f8   0x00000060   Code   RO         2476    i.netconn_tcp_recvd  api_lib.o
    0x00008558   0x00008558   0x00000060   Code   RO         2477    i.netconn_tcp_recvd_msg  api_lib.o
    0x000085b8   0x000085b8   0x00000028   Code   RO         2478    i.netconn_write_partly  api_lib.o
    0x000085e0   0x000085e0   0x00000168   Code   RO         2479    i.netconn_write_vectors_partly  api_lib.o
    0x00008748   0x00008748   0x000001b0   Code   RO         3852    i.netif_add         netif.o
    0x000088f8   0x000088f8   0x00000018   Code   RO         3854    i.netif_do_ip_addr_changed  netif.o
    0x00008910   0x00008910   0x00000026   Code   RO         3855    i.netif_do_set_gw   netif.o
    0x00008936   0x00008936   0x00000002   PAD
    0x00008938   0x00008938   0x00000074   Code   RO         3856    i.netif_do_set_ipaddr  netif.o
    0x000089ac   0x000089ac   0x00000026   Code   RO         3857    i.netif_do_set_netmask  netif.o
    0x000089d2   0x000089d2   0x00000002   PAD
    0x000089d4   0x000089d4   0x00000028   Code   RO         3859    i.netif_get_by_index  netif.o
    0x000089fc   0x000089fc   0x00000070   Code   RO         3863    i.netif_issue_reports  netif.o
    0x00008a6c   0x00008a6c   0x00000008   Code   RO         3865    i.netif_null_output_ip4  netif.o
    0x00008a74   0x00008a74   0x00000060   Code   RO         3867    i.netif_set_addr    netif.o
    0x00008ad4   0x00008ad4   0x0000000c   Code   RO         3868    i.netif_set_default  netif.o
    0x00008ae0   0x00008ae0   0x00000064   Code   RO         3869    i.netif_set_down    netif.o
    0x00008b44   0x00008b44   0x00000058   Code   RO         3875    i.netif_set_up      netif.o
    0x00008b9c   0x00008b9c   0x00000012   Code   RO         4026    i.pbuf_add_header   pbuf.o
    0x00008bae   0x00008bae   0x00000002   PAD
    0x00008bb0   0x00008bb0   0x00000088   Code   RO         4028    i.pbuf_add_header_impl  pbuf.o
    0x00008c38   0x00008c38   0x00000224   Code   RO         4029    i.pbuf_alloc        pbuf.o
    0x00008e5c   0x00008e5c   0x0000005c   Code   RO         4030    i.pbuf_alloc_reference  pbuf.o
    0x00008eb8   0x00008eb8   0x00000052   Code   RO         4031    i.pbuf_alloced_custom  pbuf.o
    0x00008f0a   0x00008f0a   0x00000002   PAD
    0x00008f0c   0x00008f0c   0x000000dc   Code   RO         4032    i.pbuf_cat          pbuf.o
    0x00008fe8   0x00008fe8   0x00000016   Code   RO         4033    i.pbuf_chain        pbuf.o
    0x00008ffe   0x00008ffe   0x00000012   Code   RO         4034    i.pbuf_clen         pbuf.o
    0x00009010   0x00009010   0x00000050   Code   RO         4035    i.pbuf_clone        pbuf.o
    0x00009060   0x00009060   0x0000019c   Code   RO         4037    i.pbuf_copy         pbuf.o
    0x000091fc   0x000091fc   0x000000d8   Code   RO         4038    i.pbuf_copy_partial  pbuf.o
    0x000092d4   0x000092d4   0x00000128   Code   RO         4040    i.pbuf_free         pbuf.o
    0x000093fc   0x000093fc   0x00000040   Code   RO         4041    i.pbuf_free_header  pbuf.o
    0x0000943c   0x0000943c   0x00000012   Code   RO         4045    i.pbuf_header_force  pbuf.o
    0x0000944e   0x0000944e   0x00000022   Code   RO         4046    i.pbuf_header_impl  pbuf.o
    0x00009470   0x00009470   0x0000001e   Code   RO         4047    i.pbuf_init_alloced_pbuf  pbuf.o
    0x0000948e   0x0000948e   0x00000002   PAD
    0x00009490   0x00009490   0x000000f0   Code   RO         4051    i.pbuf_realloc      pbuf.o
    0x00009580   0x00009580   0x00000048   Code   RO         4052    i.pbuf_ref          pbuf.o
    0x000095c8   0x000095c8   0x0000008c   Code   RO         4053    i.pbuf_remove_header  pbuf.o
    0x00009654   0x00009654   0x000000a8   Code   RO         2696    i.pcb_new           api_msg.o
    0x000096fc   0x000096fc   0x00000160   Code   RO         3701    i.plug_holes        mem.o
    0x0000985c   0x0000985c   0x000000a0   Code   RO         2697    i.poll_tcp          api_msg.o
    0x000098fc   0x000098fc   0x00000098   Code   RO         1738    i.prvAddCurrentTaskToDelayedList  tasks.o
    0x00009994   0x00009994   0x000000b4   Code   RO         1739    i.prvAddNewTaskToReadyList  tasks.o
    0x00009a48   0x00009a48   0x00000048   Code   RO         1740    i.prvCheckTasksWaitingTermination  tasks.o
    0x00009a90   0x00009a90   0x0000002a   Code   RO         2088    i.prvCopyDataFromQueue  queue.o
    0x00009aba   0x00009aba   0x0000007e   Code   RO         2089    i.prvCopyDataToQueue  queue.o
    0x00009b38   0x00009b38   0x00000012   Code   RO         1741    i.prvDeleteTCB      tasks.o
    0x00009b4a   0x00009b4a   0x00000014   Code   RO         2090    i.prvGetDisinheritPriorityAfterTimeout  queue.o
    0x00009b5e   0x00009b5e   0x00000002   PAD
    0x00009b60   0x00009b60   0x0000007c   Code   RO         2316    i.prvHeapInit       heap_4.o
    0x00009bdc   0x00009bdc   0x00000028   Code   RO         1742    i.prvIdleTask       tasks.o
    0x00009c04   0x00009c04   0x0000001e   Code   RO         2091    i.prvInitialiseMutex  queue.o
    0x00009c22   0x00009c22   0x0000002a   Code   RO         2092    i.prvInitialiseNewQueue  queue.o
    0x00009c4c   0x00009c4c   0x000000d0   Code   RO         1743    i.prvInitialiseNewTask  tasks.o
    0x00009d1c   0x00009d1c   0x00000068   Code   RO         1744    i.prvInitialiseTaskLists  tasks.o
    0x00009d84   0x00009d84   0x00000068   Code   RO         2317    i.prvInsertBlockIntoFreeList  heap_4.o
    0x00009dec   0x00009dec   0x0000001a   Code   RO         2093    i.prvIsQueueEmpty   queue.o
    0x00009e06   0x00009e06   0x0000001e   Code   RO         2094    i.prvIsQueueFull    queue.o
    0x00009e24   0x00009e24   0x000000b4   Code   RO         2095    i.prvNotifyQueueSetContainer  queue.o
    0x00009ed8   0x00009ed8   0x00000030   Code   RO         1745    i.prvResetNextTaskUnblockTime  tasks.o
    0x00009f08   0x00009f08   0x0000006c   Code   RO         2375    i.prvTaskExitError  port.o
    0x00009f74   0x00009f74   0x00000090   Code   RO         2096    i.prvUnlockQueue    queue.o
    0x0000a004   0x0000a004   0x00000010   Code   RO         3702    i.ptr_to_mem        mem.o
    0x0000a014   0x0000a014   0x0000017c   Code   RO         2318    i.pvPortMalloc      heap_4.o
    0x0000a190   0x0000a190   0x00000020   Code   RO         1747    i.pvTaskIncrementMutexHeldCount  tasks.o
    0x0000a1b0   0x0000a1b0   0x00000024   Code   RO         2376    i.pxPortInitialiseStack  port.o
    0x0000a1d4   0x0000a1d4   0x00000134   Code   RO         2698    i.recv_tcp          api_msg.o
    0x0000a308   0x0000a308   0x00000120   Code   RO         2699    i.recv_udp          api_msg.o
    0x0000a428   0x0000a428   0x0000006c   Code   RO          661    i.rx_descr_init     lpc177x_8x_emac.o
    0x0000a494   0x0000a494   0x00000108   Code   RO         3077    i.select_check_waiters  sockets.o
    0x0000a59c   0x0000a59c   0x00000088   Code   RO         2700    i.sent_tcp          api_msg.o
    0x0000a624   0x0000a624   0x0000002c   Code   RO          662    i.setEmacAddr       lpc177x_8x_emac.o
    0x0000a650   0x0000a650   0x00000044   Code   RO         2701    i.setup_tcp         api_msg.o
    0x0000a694   0x0000a694   0x000001c0   Code   RO          834    i.start_task        gpio_buzzer.o
    0x0000a854   0x0000a854   0x00000048   Code   RO         5732    i.sys_arch_mbox_fetch  sys_arch.o
    0x0000a89c   0x0000a89c   0x00000022   Code   RO         5733    i.sys_arch_mbox_tryfetch  sys_arch.o
    0x0000a8be   0x0000a8be   0x0000000a   Code   RO         5734    i.sys_arch_protect  sys_arch.o
    0x0000a8c8   0x0000a8c8   0x00000044   Code   RO         5735    i.sys_arch_sem_wait  sys_arch.o
    0x0000a90c   0x0000a90c   0x0000000a   Code   RO         5737    i.sys_arch_unprotect  sys_arch.o
    0x0000a916   0x0000a916   0x00000002   PAD
    0x0000a918   0x0000a918   0x00000054   Code   RO         4815    i.sys_check_timeouts  timeouts.o
    0x0000a96c   0x0000a96c   0x0000002c   Code   RO         5738    i.sys_init          sys_arch.o
    0x0000a998   0x0000a998   0x00000012   Code   RO         5740    i.sys_mbox_free     sys_arch.o
    0x0000a9aa   0x0000a9aa   0x00000020   Code   RO         5741    i.sys_mbox_new      sys_arch.o
    0x0000a9ca   0x0000a9ca   0x00000006   Code   RO         5743    i.sys_mbox_set_invalid  sys_arch.o
    0x0000a9d0   0x0000a9d0   0x0000001e   Code   RO         5744    i.sys_mbox_trypost  sys_arch.o
    0x0000a9ee   0x0000a9ee   0x0000000e   Code   RO         5746    i.sys_mbox_valid    sys_arch.o
    0x0000a9fc   0x0000a9fc   0x00000010   Code   RO         5748    i.sys_mutex_lock    sys_arch.o
    0x0000aa0c   0x0000aa0c   0x0000003c   Code   RO         5749    i.sys_mutex_new     sys_arch.o
    0x0000aa48   0x0000aa48   0x00000012   Code   RO         5751    i.sys_mutex_unlock  sys_arch.o
    0x0000aa5a   0x0000aa5a   0x00000002   PAD
    0x0000aa5c   0x0000aa5c   0x00000014   Code   RO         5752    i.sys_now           sys_arch.o
    0x0000aa70   0x0000aa70   0x00000010   Code   RO         5753    i.sys_sem_free      sys_arch.o
    0x0000aa80   0x0000aa80   0x0000005c   Code   RO         5754    i.sys_sem_new       sys_arch.o
    0x0000aadc   0x0000aadc   0x00000006   Code   RO         5755    i.sys_sem_set_invalid  sys_arch.o
    0x0000aae2   0x0000aae2   0x00000002   PAD
    0x0000aae4   0x0000aae4   0x0000003c   Code   RO         5756    i.sys_sem_signal    sys_arch.o
    0x0000ab20   0x0000ab20   0x0000000e   Code   RO         5757    i.sys_sem_valid     sys_arch.o
    0x0000ab2e   0x0000ab2e   0x00000002   PAD
    0x0000ab30   0x0000ab30   0x0000006c   Code   RO         5758    i.sys_thread_new    sys_arch.o
    0x0000ab9c   0x0000ab9c   0x0000006c   Code   RO         4817    i.sys_timeout       timeouts.o
    0x0000ac08   0x0000ac08   0x000000dc   Code   RO         4818    i.sys_timeout_abs   timeouts.o
    0x0000ace4   0x0000ace4   0x00000028   Code   RO         4819    i.sys_timeouts_init  timeouts.o
    0x0000ad0c   0x0000ad0c   0x00000068   Code   RO         4820    i.sys_timeouts_sleeptime  timeouts.o
    0x0000ad74   0x0000ad74   0x00000160   Code   RO         4276    i.tcp_abandon       tcp.o
    0x0000aed4   0x0000aed4   0x0000000e   Code   RO         4277    i.tcp_abort         tcp.o
    0x0000aee2   0x0000aee2   0x00000010   Code   RO         4278    i.tcp_accept        tcp.o
    0x0000aef2   0x0000aef2   0x00000002   PAD
    0x0000aef4   0x0000aef4   0x000000bc   Code   RO         4280    i.tcp_alloc         tcp.o
    0x0000afb0   0x0000afb0   0x00000006   Code   RO         4281    i.tcp_arg           tcp.o
    0x0000afb6   0x0000afb6   0x00000002   PAD
    0x0000afb8   0x0000afb8   0x00000050   Code   RO         4284    i.tcp_close         tcp.o
    0x0000b008   0x0000b008   0x000001a4   Code   RO         4285    i.tcp_close_shutdown  tcp.o
    0x0000b1ac   0x0000b1ac   0x00000088   Code   RO         4286    i.tcp_close_shutdown_fin  tcp.o
    0x0000b234   0x0000b234   0x000001e8   Code   RO         4287    i.tcp_connect       tcp.o
    0x0000b41c   0x0000b41c   0x00000164   Code   RO         4662    i.tcp_create_segment  tcp_out.o
    0x0000b580   0x0000b580   0x00000070   Code   RO         4289    i.tcp_eff_send_mss_netif  tcp.o
    0x0000b5f0   0x0000b5f0   0x00000234   Code   RO         4663    i.tcp_enqueue_flags  tcp_out.o
    0x0000b824   0x0000b824   0x0000004c   Code   RO         4290    i.tcp_err           tcp.o
    0x0000b870   0x0000b870   0x0000009c   Code   RO         4291    i.tcp_fasttmr       tcp.o
    0x0000b90c   0x0000b90c   0x00000038   Code   RO         4292    i.tcp_free          tcp.o
    0x0000b944   0x0000b944   0x000000ec   Code   RO         4586    i.tcp_free_acked_segments  tcp_in.o
    0x0000ba30   0x0000ba30   0x00000040   Code   RO         4293    i.tcp_free_listen   tcp.o
    0x0000ba70   0x0000ba70   0x00000048   Code   RO         4587    i.tcp_get_next_optbyte  tcp_in.o
    0x0000bab8   0x0000bab8   0x00000034   Code   RO         4294    i.tcp_handle_closepend  tcp.o
    0x0000baec   0x0000baec   0x00000798   Code   RO         4588    i.tcp_input         tcp_in.o
    0x0000c284   0x0000c284   0x00000084   Code   RO         4589    i.tcp_input_delayed_close  tcp_in.o
    0x0000c308   0x0000c308   0x00000074   Code   RO         4664    i.tcp_keepalive     tcp_out.o
    0x0000c37c   0x0000c37c   0x00000068   Code   RO         4296    i.tcp_kill_prio     tcp.o
    0x0000c3e4   0x0000c3e4   0x00000070   Code   RO         4297    i.tcp_kill_state    tcp.o
    0x0000c454   0x0000c454   0x0000003c   Code   RO         4298    i.tcp_kill_timewait  tcp.o
    0x0000c490   0x0000c490   0x0000006c   Code   RO         4299    i.tcp_listen_closed  tcp.o
    0x0000c4fc   0x0000c4fc   0x0000018c   Code   RO         4590    i.tcp_listen_input  tcp_in.o
    0x0000c688   0x0000c688   0x0000004c   Code   RO         4302    i.tcp_netif_ip_addr_changed  tcp.o
    0x0000c6d4   0x0000c6d4   0x00000070   Code   RO         4303    i.tcp_netif_ip_addr_changed_pcblist  tcp.o
    0x0000c744   0x0000c744   0x00000010   Code   RO         4305    i.tcp_new_ip_type   tcp.o
    0x0000c754   0x0000c754   0x00000068   Code   RO         4306    i.tcp_new_port      tcp.o
    0x0000c7bc   0x0000c7bc   0x0000004c   Code   RO         4307    i.tcp_next_iss      tcp.o
    0x0000c808   0x0000c808   0x000002f0   Code   RO         4665    i.tcp_output        tcp_out.o
    0x0000caf8   0x0000caf8   0x00000074   Code   RO         4666    i.tcp_output_alloc_header  tcp_out.o
    0x0000cb6c   0x0000cb6c   0x000000c0   Code   RO         4667    i.tcp_output_alloc_header_common  tcp_out.o
    0x0000cc2c   0x0000cc2c   0x000000ac   Code   RO         4668    i.tcp_output_control_segment  tcp_out.o
    0x0000ccd8   0x0000ccd8   0x000000b8   Code   RO         4669    i.tcp_output_fill_options  tcp_out.o
    0x0000cd90   0x0000cd90   0x000001e0   Code   RO         4670    i.tcp_output_segment  tcp_out.o
    0x0000cf70   0x0000cf70   0x0000004c   Code   RO         4671    i.tcp_output_segment_busy  tcp_out.o
    0x0000cfbc   0x0000cfbc   0x000000cc   Code   RO         4591    i.tcp_parseopt      tcp_in.o
    0x0000d088   0x0000d088   0x00000104   Code   RO         4672    i.tcp_pbuf_prealloc  tcp_out.o
    0x0000d18c   0x0000d18c   0x00000070   Code   RO         4308    i.tcp_pcb_purge     tcp.o
    0x0000d1fc   0x0000d1fc   0x00000128   Code   RO         4309    i.tcp_pcb_remove    tcp.o
    0x0000d324   0x0000d324   0x00000070   Code   RO         4310    i.tcp_poll          tcp.o
    0x0000d394   0x0000d394   0x000006a4   Code   RO         4592    i.tcp_process       tcp_in.o
    0x0000da38   0x0000da38   0x000000d4   Code   RO         4311    i.tcp_process_refused_data  tcp.o
    0x0000db0c   0x0000db0c   0x00000728   Code   RO         4593    i.tcp_receive       tcp_in.o
    0x0000e234   0x0000e234   0x0000004c   Code   RO         4312    i.tcp_recv          tcp.o
    0x0000e280   0x0000e280   0x00000060   Code   RO         4313    i.tcp_recv_null     tcp.o
    0x0000e2e0   0x0000e2e0   0x000000b4   Code   RO         4314    i.tcp_recved        tcp.o
    0x0000e394   0x0000e394   0x00000054   Code   RO         4315    i.tcp_remove_listener  tcp.o
    0x0000e3e8   0x0000e3e8   0x0000009c   Code   RO         4673    i.tcp_rexmit        tcp_out.o
    0x0000e484   0x0000e484   0x000000a4   Code   RO         4674    i.tcp_rexmit_fast   tcp_out.o
    0x0000e528   0x0000e528   0x00000040   Code   RO         4675    i.tcp_rexmit_rto    tcp_out.o
    0x0000e568   0x0000e568   0x00000054   Code   RO         4676    i.tcp_rexmit_rto_commit  tcp_out.o
    0x0000e5bc   0x0000e5bc   0x000000b0   Code   RO         4677    i.tcp_rexmit_rto_prepare  tcp_out.o
    0x0000e66c   0x0000e66c   0x0000001e   Code   RO         4678    i.tcp_route         tcp_out.o
    0x0000e68a   0x0000e68a   0x00000002   PAD
    0x0000e68c   0x0000e68c   0x000000b8   Code   RO         4679    i.tcp_rst           tcp_out.o
    0x0000e744   0x0000e744   0x0000001a   Code   RO         4316    i.tcp_seg_free      tcp.o
    0x0000e75e   0x0000e75e   0x00000018   Code   RO         4317    i.tcp_segs_free     tcp.o
    0x0000e776   0x0000e776   0x00000002   PAD
    0x0000e778   0x0000e778   0x000000d8   Code   RO         4680    i.tcp_send_empty_ack  tcp_out.o
    0x0000e850   0x0000e850   0x0000007c   Code   RO         4681    i.tcp_send_fin      tcp_out.o
    0x0000e8cc   0x0000e8cc   0x00000048   Code   RO         4318    i.tcp_sent          tcp.o
    0x0000e914   0x0000e914   0x00000098   Code   RO         4320    i.tcp_shutdown      tcp.o
    0x0000e9ac   0x0000e9ac   0x00000654   Code   RO         4321    i.tcp_slowtmr       tcp.o
    0x0000f000   0x0000f000   0x00000248   Code   RO         4682    i.tcp_split_unsent_seg  tcp_out.o
    0x0000f248   0x0000f248   0x00000038   Code   RO         4822    i.tcp_timer_needed  timeouts.o
    0x0000f280   0x0000f280   0x000000dc   Code   RO         4594    i.tcp_timewait_input  tcp_in.o
    0x0000f35c   0x0000f35c   0x00000024   Code   RO         4323    i.tcp_tmr           tcp.o
    0x0000f380   0x0000f380   0x00000014   Code   RO         4595    i.tcp_trigger_input_pcb_close  tcp_in.o
    0x0000f394   0x0000f394   0x000000b0   Code   RO         4325    i.tcp_update_rcv_ann_wnd  tcp.o
    0x0000f444   0x0000f444   0x00000740   Code   RO         4683    i.tcp_write         tcp_out.o
    0x0000fb84   0x0000fb84   0x00000134   Code   RO         4684    i.tcp_write_checks  tcp_out.o
    0x0000fcb8   0x0000fcb8   0x00000108   Code   RO         4685    i.tcp_zero_window_probe  tcp_out.o
    0x0000fdc0   0x0000fdc0   0x000000b8   Code   RO         3366    i.tcpip_init        tcpip.o
    0x0000fe78   0x0000fe78   0x0000006c   Code   RO         3367    i.tcpip_inpkt       tcpip.o
    0x0000fee4   0x0000fee4   0x00000030   Code   RO         3368    i.tcpip_input       tcpip.o
    0x0000ff14   0x0000ff14   0x00000020   Code   RO         3369    i.tcpip_send_msg_wait_sem  tcpip.o
    0x0000ff34   0x0000ff34   0x00000038   Code   RO         4823    i.tcpip_tcp_timer   timeouts.o
    0x0000ff6c   0x0000ff6c   0x00000070   Code   RO         3370    i.tcpip_thread      tcpip.o
    0x0000ffdc   0x0000ffdc   0x00000078   Code   RO         3371    i.tcpip_thread_handle_msg  tcpip.o
    0x00010054   0x00010054   0x00000060   Code   RO         3372    i.tcpip_timeouts_mbox_fetch  tcpip.o
    0x000100b4   0x000100b4   0x0000001a   Code   RO         3078    i.tryget_socket     sockets.o
    0x000100ce   0x000100ce   0x00000010   Code   RO         3079    i.tryget_socket_unconn  sockets.o
    0x000100de   0x000100de   0x00000002   PAD
    0x000100e0   0x000100e0   0x0000001c   Code   RO         3081    i.tryget_socket_unconn_nouse  sockets.o
    0x000100fc   0x000100fc   0x00000060   Code   RO          663    i.tx_descr_init     lpc177x_8x_emac.o
    0x0001015c   0x0001015c   0x00000030   Code   RO          391    i.uart_get_pointer  lpc177x_8x_uart.o
    0x0001018c   0x0001018c   0x000001e8   Code   RO          392    i.uart_set_divisors  lpc177x_8x_uart.o
    0x00010374   0x00010374   0x000000c4   Code   RO         4894    i.udp_bind          udp.o
    0x00010438   0x00010438   0x000000c8   Code   RO         4896    i.udp_connect       udp.o
    0x00010500   0x00010500   0x0000004c   Code   RO         4897    i.udp_disconnect    udp.o
    0x0001054c   0x0001054c   0x00000002   Code   RO         4898    i.udp_init          udp.o
    0x0001054e   0x0001054e   0x00000002   PAD
    0x00010550   0x00010550   0x00000204   Code   RO         4899    i.udp_input         udp.o
    0x00010754   0x00010754   0x000000d0   Code   RO         4900    i.udp_input_local_match  udp.o
    0x00010824   0x00010824   0x00000030   Code   RO         4901    i.udp_netif_ip_addr_changed  udp.o
    0x00010854   0x00010854   0x0000001c   Code   RO         4902    i.udp_new           udp.o
    0x00010870   0x00010870   0x0000000e   Code   RO         4903    i.udp_new_ip_type   udp.o
    0x0001087e   0x0001087e   0x00000002   PAD
    0x00010880   0x00010880   0x00000058   Code   RO         4904    i.udp_new_port      udp.o
    0x000108d8   0x000108d8   0x0000003c   Code   RO         4905    i.udp_recv          udp.o
    0x00010914   0x00010914   0x00000070   Code   RO         4906    i.udp_remove        udp.o
    0x00010984   0x00010984   0x00000070   Code   RO         4907    i.udp_send          udp.o
    0x000109f4   0x000109f4   0x000000d0   Code   RO         4908    i.udp_sendto        udp.o
    0x00010ac4   0x00010ac4   0x0000011c   Code   RO         4909    i.udp_sendto_if     udp.o
    0x00010be0   0x00010be0   0x00000254   Code   RO         4910    i.udp_sendto_if_src  udp.o
    0x00010e34   0x00010e34   0x00000028   Code   RO         1544    i.uxListRemove      list.o
    0x00010e5c   0x00010e5c   0x00000044   Code   RO         2097    i.uxQueueMessagesWaiting  queue.o
    0x00010ea0   0x00010ea0   0x0000001a   Code   RO         1545    i.vListInitialise   list.o
    0x00010eba   0x00010eba   0x00000006   Code   RO         1546    i.vListInitialiseItem  list.o
    0x00010ec0   0x00010ec0   0x00000034   Code   RO         1547    i.vListInsert       list.o
    0x00010ef4   0x00010ef4   0x00000018   Code   RO         1548    i.vListInsertEnd    list.o
    0x00010f0c   0x00010f0c   0x00000084   Code   RO         2378    i.vPortEnterCritical  port.o
    0x00010f90   0x00010f90   0x0000006c   Code   RO         2379    i.vPortExitCritical  port.o
    0x00010ffc   0x00010ffc   0x000000c4   Code   RO         2319    i.vPortFree         heap_4.o
    0x000110c0   0x000110c0   0x00000028   Code   RO         2380    i.vPortSetupTimerInterrupt  port.o
    0x000110e8   0x000110e8   0x0000009c   Code   RO         2381    i.vPortValidateInterruptPriority  port.o
    0x00011184   0x00011184   0x00000048   Code   RO         2101    i.vQueueDelete      queue.o
    0x000111cc   0x000111cc   0x00000030   Code   RO         2102    i.vQueueUnregisterQueue  queue.o
    0x000111fc   0x000111fc   0x00000074   Code   RO         1754    i.vTaskDelay        tasks.o
    0x00011270   0x00011270   0x0000010c   Code   RO         1755    i.vTaskDelete       tasks.o
    0x0001137c   0x0001137c   0x00000018   Code   RO         1758    i.vTaskInternalSetTimeOutState  tasks.o
    0x00011394   0x00011394   0x0000000c   Code   RO         1759    i.vTaskMissedYield  tasks.o
    0x000113a0   0x000113a0   0x00000054   Code   RO         1760    i.vTaskPlaceOnEventList  tasks.o
    0x000113f4   0x000113f4   0x000000f4   Code   RO         1762    i.vTaskPriorityDisinheritAfterTimeout  tasks.o
    0x000114e8   0x000114e8   0x000000ac   Code   RO         1767    i.vTaskStartScheduler  tasks.o
    0x00011594   0x00011594   0x00000010   Code   RO         1769    i.vTaskSuspendAll   tasks.o
    0x000115a4   0x000115a4   0x000000a8   Code   RO         1770    i.vTaskSwitchContext  tasks.o
    0x0001164c   0x0001164c   0x0000013c   Code   RO         2382    i.xPortStartScheduler  port.o
    0x00011788   0x00011788   0x00000034   Code   RO         2383    i.xPortSysTickHandler  port.o
    0x000117bc   0x000117bc   0x0000006c   Code   RO         2104    i.xQueueCreateCountingSemaphore  queue.o
    0x00011828   0x00011828   0x00000022   Code   RO         2105    i.xQueueCreateMutex  queue.o
    0x0001184a   0x0001184a   0x00000002   PAD
    0x0001184c   0x0001184c   0x000000a8   Code   RO         2107    i.xQueueGenericCreate  queue.o
    0x000118f4   0x000118f4   0x000000b0   Code   RO         2108    i.xQueueGenericReset  queue.o
    0x000119a4   0x000119a4   0x000001d4   Code   RO         2109    i.xQueueGenericSend  queue.o
    0x00011b78   0x00011b78   0x00000114   Code   RO         2111    i.xQueueGiveFromISR  queue.o
    0x00011c8c   0x00011c8c   0x00000170   Code   RO         2117    i.xQueueReceive     queue.o
    0x00011dfc   0x00011dfc   0x000001b4   Code   RO         2122    i.xQueueSemaphoreTake  queue.o
    0x00011fb0   0x00011fb0   0x000000a0   Code   RO         1772    i.xTaskCheckForTimeOut  tasks.o
    0x00012050   0x00012050   0x00000060   Code   RO         1773    i.xTaskCreate       tasks.o
    0x000120b0   0x000120b0   0x00000020   Code   RO         1780    i.xTaskGetSchedulerState  tasks.o
    0x000120d0   0x000120d0   0x0000000c   Code   RO         1781    i.xTaskGetTickCount  tasks.o
    0x000120dc   0x000120dc   0x00000160   Code   RO         1783    i.xTaskIncrementTick  tasks.o
    0x0001223c   0x0001223c   0x000000cc   Code   RO         1784    i.xTaskPriorityDisinherit  tasks.o
    0x00012308   0x00012308   0x000000b8   Code   RO         1785    i.xTaskPriorityInherit  tasks.o
    0x000123c0   0x000123c0   0x000000b4   Code   RO         1786    i.xTaskRemoveFromEventList  tasks.o
    0x00012474   0x00012474   0x00000120   Code   RO         1787    i.xTaskResumeAll    tasks.o
    0x00012594   0x00012594   0x0000000f   Data   RO          665    .constdata          lpc177x_8x_emac.o
    0x000125a3   0x000125a3   0x00000003   Data   RO         2702    .constdata          api_msg.o
    0x000125a6   0x000125a6   0x00000002   PAD
    0x000125a8   0x000125a8   0x00000044   Data   RO         2876    .constdata          err.o
    0x000125ec   0x000125ec   0x000000d0   Data   RO         3767    .constdata          memp.o
    0x000126bc   0x000126bc   0x00000050   Data   RO         4326    .constdata          tcp.o
    0x0001270c   0x0001270c   0x0000002c   Data   RO         4824    .constdata          timeouts.o
    0x00012738   0x00012738   0x00000008   Data   RO         5462    .constdata          ip4_addr.o
    0x00012740   0x00012740   0x0000000c   Data   RO         5663    .constdata          ethernet.o
    0x0001274c   0x0001274c   0x0000000c   Data   RO         5936    .constdata          ethernetif.o
    0x00012758   0x00012758   0x00000046   Data   RO          835    .conststring        gpio_buzzer.o
    0x0001279e   0x0001279e   0x00000002   PAD
    0x000127a0   0x000127a0   0x000000b8   Data   RO         1345    .conststring        client.o
    0x00012858   0x00012858   0x00000041   Data   RO         3636    .conststring        init.o
    0x00012899   0x00012899   0x00000003   PAD
    0x0001289c   0x0001289c   0x00000075   Data   RO         4327    .conststring        tcp.o
    0x00012911   0x00012911   0x00000003   PAD
    0x00012914   0x00012914   0x00000055   Data   RO         4686    .conststring        tcp_out.o
    0x00012969   0x00012969   0x00000003   PAD
    0x0001296c   0x0001296c   0x00000042   Data   RO         5068    .conststring        dhcp.o
    0x000129ae   0x000129ae   0x00000002   PAD
    0x000129b0   0x000129b0   0x00000041   Data   RO         5268    .conststring        etharp.o
    0x000129f1   0x000129f1   0x00000003   PAD
    0x000129f4   0x000129f4   0x0000004e   Data   RO         5760    .conststring        sys_arch.o
    0x00012a42   0x00012a42   0x00000002   PAD
    0x00012a44   0x00012a44   0x00000020   Data   RO         6356    Region$$Table       anon$$obj.o


    Execution Region RW_IRAM1 (Exec base: 0x10000000, Load base: 0x00012a64, Size: 0x0000e040, Max: 0x00010000, ABSOLUTE, COMPRESSED[0x00000028])

    Exec Addr    Load Addr    Size         Type   Attr      Idx    E Section Name        Object

    0x10000000   COMPRESSED   0x00000010   Data   RW           26    .data               system_lpc177x_8x.o
    0x10000010   COMPRESSED   0x00000005   Data   RW          666    .data               lpc177x_8x_emac.o
    0x10000015   COMPRESSED   0x00000003   PAD
    0x10000018   COMPRESSED   0x00000010   Data   RW          836    .data               gpio_buzzer.o
    0x10000028   COMPRESSED   0x00000003   Data   RW          950    .data               uart2.o
    0x1000002b   COMPRESSED   0x00000001   PAD
    0x1000002c   COMPRESSED   0x00000012   Data   RW         1063    .data               emac.o
    0x1000003e   COMPRESSED   0x00000002   PAD
    0x10000040   COMPRESSED   0x00000004   Data   RW         1346    .data               client.o
    0x10000044   COMPRESSED   0x00000040   Data   RW         1790    .data               tasks.o
    0x10000084   COMPRESSED   0x00000020   Data   RW         2325    .data               heap_4.o
    0x100000a4   COMPRESSED   0x0000000c   Data   RW         2384    .data               port.o
    0x100000b0   COMPRESSED   0x00000004   Data   RW         3083    .data               sockets.o
    0x100000b4   COMPRESSED   0x00000010   Data   RW         3374    .data               tcpip.o
    0x100000c4   COMPRESSED   0x00000010   Data   RW         3704    .data               mem.o
    0x100000d4   COMPRESSED   0x00000034   Data   RW         3768    .data               memp.o
    0x10000108   COMPRESSED   0x00000009   Data   RW         3876    .data               netif.o
    0x10000111   COMPRESSED   0x00000003   PAD
    0x10000114   COMPRESSED   0x00000020   Data   RW         4328    .data               tcp.o
    0x10000134   COMPRESSED   0x00000028   Data   RW         4597    .data               tcp_in.o
    0x1000015c   COMPRESSED   0x0000000c   Data   RW         4825    .data               timeouts.o
    0x10000168   COMPRESSED   0x00000008   Data   RW         4911    .data               udp.o
    0x10000170   COMPRESSED   0x00000018   Data   RW         5069    .data               dhcp.o
    0x10000188   COMPRESSED   0x00000001   Data   RW         5269    .data               etharp.o
    0x10000189   COMPRESSED   0x00000001   PAD
    0x1000018a   COMPRESSED   0x00000002   Data   RW         5404    .data               ip4.o
    0x1000018c   COMPRESSED   0x00000006   Data   RW         5526    .data               ip4_frag.o
    0x10000192   COMPRESSED   0x00000002   PAD
    0x10000194   COMPRESSED   0x00000024   Data   RW         5761    .data               sys_arch.o
    0x100001b8   COMPRESSED   0x00000014   Data   RW         5937    .data               ethernetif.o
    0x100001cc   COMPRESSED   0x00000004   Data   RW         6317    .data               mc_w.l(stdout.o)
    0x100001d0        -       0x0000182c   Zero   RW          664    .bss                lpc177x_8x_emac.o
    0x100019fc        -       0x00000634   Zero   RW         1160    .bss                lwip.o
    0x10002030        -       0x000002e4   Zero   RW         1789    .bss                tasks.o
    0x10002314        -       0x00000050   Zero   RW         2124    .bss                queue.o
    0x10002364        -       0x00003c00   Zero   RW         2324    .bss                heap_4.o
    0x10005f64        -       0x00000040   Zero   RW         3082    .bss                sockets.o
    0x10005fa4        -       0x00000018   Zero   RW         3678    .bss                ip.o
    0x10005fbc        -       0x00003c13   Zero   RW         3703    .bss                mem.o
    0x10009bcf        -       0x00002b63   Zero   RW         3766    .bss                memp.o
    0x1000c732   COMPRESSED   0x00000002   PAD
    0x1000c734        -       0x00000010   Zero   RW         4596    .bss                tcp_in.o
    0x1000c744        -       0x00000020   Zero   RW         5067    .bss                dhcp.o
    0x1000c764        -       0x000000f0   Zero   RW         5267    .bss                etharp.o
    0x1000c854        -       0x00000054   Zero   RW         5759    .bss                sys_arch.o
    0x1000c8a8        -       0x00000193   Zero   RW         5935    .bss                ethernetif.o
    0x1000ca3b   COMPRESSED   0x00000005   PAD
    0x1000ca40        -       0x00001600   Zero   RW            1    STACK               startup_lpc177x_8x.o


==============================================================================

Image component sizes


      Code (inc. data)   RO Data    RW Data    ZI Data      Debug   Object Name

      2338        720          0          0          0      36772   api_lib.o
      5896       1514          3          0          0      35523   api_msg.o
       364        136        184          4          0      20607   client.o
         0          0          0          0          0       4500   core_cm3.o
        38          0          0          0          0        914   def.o
      5766        900         66         24         32      27136   dhcp.o
       344         46          0         18          0       7601   emac.o
        32          6         68          0          0       1003   err.o
      3000        530         65          1        240      10779   etharp.o
       352         58         12          0          0       2390   ethernet.o
       664        146         12         20        403       6090   ethernetif.o
         0          0          0          0          0      13520   event_groups.o
       762        356         70         16          0      34596   gpio_buzzer.o
       804        178          0         32      15360       3747   heap_4.o
       800        156          0          0          0       4130   icmp.o
       444          0          0          0          0       4596   inet_chksum.o
        64          4         65          0          0        472   init.o
         0          0          0          0         24       3090   ip.o
      1130         90          0          2          0       5344   ip4.o
        78          0          8          0          0       8418   ip4_addr.o
      2718        498          0          6          0      11114   ip4_frag.o
       148          0          0          0          0       2910   list.o
       108         24          0          0          0       1100   lpc177x_8x_clkpwr.o
      1896        206         15          5       6188      38512   lpc177x_8x_emac.o
       166         10          0          0          0       4831   lpc177x_8x_gpio.o
        64          6          0          0          0       1971   lpc177x_8x_pinsel.o
         0          0          0          0          0       1236   lpc177x_8x_systick.o
      1542        132          0          0          0      13443   lpc177x_8x_uart.o
         0          0          0          0       1588      22843   lwip.o
      2064        660          0         16      15379       7269   mem.o
       424        148        208         52      11107      10152   memp.o
       212         54          0          0          0      10683   netbuf.o
         0          0          0          0          0       2000   netdb.o
      1106        276          0          9          0      13910   netif.o
      2738        814          0          0          0      18114   pbuf.o
       368          6          0          0          0       2516   phylan.o
      1106        358          0         12          0      10049   port.o
      2862        390          0          0         80      18134   queue.o
      3478        446          0          4         64      39508   sockets.o
        40         12        228          0       5632       1128   startup_lpc177x_8x.o
      1028        256         78         36         84      13257   sys_arch.o
       204         16          0         16          0      22753   system_lpc177x_8x.o
      3466        856          0         64        740      30909   tasks.o
      6260       1746        197         32          0      35769   tcp.o
      6756       1270          0         40         16      19887   tcp_in.o
      7478       1942         85          0          0      30902   tcp_out.o
       700        218          0         16          0       8085   tcpip.o
       748        216         44         12          0       6451   timeouts.o
       354         32          0          3          0       2815   uart2.o
      2748        838          0          8          0      13300   udp.o

    ----------------------------------------------------------------------
     73730      16270       1460        460      56944     646779   Object Totals
         0          0         32          0          0          0   (incl. Generated)
        72          0         20         12          7          0   (incl. Padding)

    ----------------------------------------------------------------------

      Code (inc. data)   RO Data    RW Data    ZI Data      Debug   Library Member Name

        86          0          0          0          0          0   __dczerorl2.o
         0          0          0          0          0          0   entry.o
         0          0          0          0          0          0   entry10a.o
         0          0          0          0          0          0   entry11a.o
         8          4          0          0          0          0   entry2.o
         4          0          0          0          0          0   entry5.o
         0          0          0          0          0          0   entry7b.o
         0          0          0          0          0          0   entry8b.o
         8          4          0          0          0          0   entry9a.o
        30          0          0          0          0          0   handlers.o
        36          8          0          0          0         68   init.o
        30          0          0          0          0         68   llshl.o
        32          0          0          0          0         68   llushr.o
        26          0          0          0          0         80   memcmp.o
        64          0          0          0          0         76   memmovea.o
        36          0          0          0          0        108   memseta.o
       736         56          0          0          0        184   printf5.o
         0          0          0          4          0          0   stdout.o
        98          0          0          0          0         92   uldiv.o

    ----------------------------------------------------------------------
      1198         72          0          4          0        744   Library Totals
         4          0          0          0          0          0   (incl. Padding)

    ----------------------------------------------------------------------

      Code (inc. data)   RO Data    RW Data    ZI Data      Debug   Library Name

      1194         72          0          4          0        744   mc_w.l

    ----------------------------------------------------------------------
      1198         72          0          4          0        744   Library Totals

    ----------------------------------------------------------------------

==============================================================================


      Code (inc. data)   RO Data    RW Data    ZI Data      Debug   

     74928      16342       1460        464      56944     624355   Grand Totals
     74928      16342       1460         40      56944     624355   ELF Image Totals (compressed)
     74928      16342       1460         40          0          0   ROM Totals

==============================================================================

    Total RO  Size (Code + RO Data)                76388 (  74.60kB)
    Total RW  Size (RW Data + ZI Data)             57408 (  56.06kB)
    Total ROM Size (Code + RO Data + RW Data)      76428 (  74.64kB)

==============================================================================

