<html>
<body>
<pre>
<h1>礦ision Build Log</h1>
<h2>Project:</h2>
F:\CXM\LPC1788\LPC1788测试整理文件\例程\GPIO例程\GPIO_buzzer\Project\GPIO_Buzzer.uvproj
Project File Date:  11/03/2014

<h2>Output:</h2>
Build target 'GPIO_Buzzer'
assembling startup_LPC177x_8x.s...
creating preprocessor file for core_cm3.c...
compiling core_cm3.c...
creating preprocessor file for system_LPC177x_8x.c...
compiling system_LPC177x_8x.c...
creating preprocessor file for lpc177x_8x_gpio.c...
compiling lpc177x_8x_gpio.c...
..\Drivers\source\lpc177x_8x_gpio.c(343): warning:  #188-D: enumerated type mixed with another type
..\Drivers\source\lpc177x_8x_gpio.c(345): warning:  #188-D: enumerated type mixed with another type
..\Drivers\source\lpc177x_8x_gpio.c(347): warning:  #188-D: enumerated type mixed with another type
..\Drivers\source\lpc177x_8x_gpio.c(349): warning:  #188-D: enumerated type mixed with another type
..\Drivers\source\lpc177x_8x_gpio.c(703): warning:  #186-D: pointless comparison of unsigned integer with zero
..\Drivers\source\lpc177x_8x_gpio.c(711): warning:  #186-D: pointless comparison of unsigned integer with zero
..\Drivers\source\lpc177x_8x_gpio.c(747): warning:  #186-D: pointless comparison of unsigned integer with zero
..\Drivers\source\lpc177x_8x_gpio.c(754): warning:  #186-D: pointless comparison of unsigned integer with zero
..\Drivers\source\lpc177x_8x_gpio.c(782): warning:  #186-D: pointless comparison of unsigned integer with zero
..\Drivers\source\lpc177x_8x_gpio.c(810): warning:  #186-D: pointless comparison of unsigned integer with zero
..\Drivers\source\lpc177x_8x_gpio.c(833): warning:  #186-D: pointless comparison of unsigned integer with zero
creating preprocessor file for GPIO_Buzzer.c...
..\User\GPIO_Buzzer.c(77): warning:  #1-D: last line of file ends without a newline
compiling GPIO_Buzzer.c...
..\User\GPIO_Buzzer.c(77): warning:  #1-D: last line of file ends without a newline
linking...
.\Obj\GPIO_Buzzer.axf: Error: L6218E: Undefined symbol CLKPWR_GetCLK (referred from gpio_buzzer.o).
Target not created
Build target 'GPIO_Buzzer'
creating preprocessor file for lpc177x_8x_clkpwr.c...
compiling lpc177x_8x_clkpwr.c...
linking...
Program Size: Code=2928 RO-data=260 RW-data=20 ZI-data=612  
FromELF: creating hex file...
".\Obj\GPIO_Buzzer.axf" - 0 Error(s), 0 Warning(s).
Build target 'GPIO_Buzzer'
linking...
Program Size: Code=2928 RO-data=260 RW-data=20 ZI-data=612  
FromELF: creating hex file...
".\Obj\GPIO_Buzzer.axf" - 0 Error(s), 0 Warning(s).
Load "F:\\CXM\\LPC1788\\LPC1788测试整理文件\\例程\\GPIO例程\\GPIO_buzzer\\Project\\Obj\\GPIO_Buzzer.AXF" 
Set JLink Project File to "F:\CXM\LPC1788\LPC1788测试整理文件\例程\GPIO例程\GPIO_buzzer\Project\JLinkSettings.ini"
* JLink Info: Device "LPC1788" selected (512 KB flash, 64 KB RAM).
 
JLink info:
------------
DLL: V4.54a, compiled Sep 17 2012 15:58:45
Firmware: J-Link ARM V8 compiled Nov 14 2012 22:34:52
Hardware: V8.00
Feature(s) : RDI,FlashDL,FlashBP,JFlash,GDBFULL 
 
* JLink Info: Found SWD-DP with ID 0x2BA01477
* JLink Info: TPIU fitted.
* JLink Info: ETM fitted.
* JLink Info: FPUnit: 6 code (BP) slots and 2 literal slots
* JLink Info: Found Cortex-M3 r2p0, Little endian.
ROMTableAddr = 0xE00FF003
 
Target info:
------------
Device: LPC1788
VTarget = 3.241V
State of Pins: 
TCK: 0, TDI: 1, TDO: 0, TMS: 1, TRES: 1, TRST: 1
Hardware-Breakpoints: 6
Software-Breakpoints: 8192
Watchpoints:          4
JTAG speed: 2000 kHz
 
Erase Done.
Programming Done.
Verify OK.
Application running ...
